Component: ARM Compiler 5.06 update 7 (build 960) Tool: armlink [4d3601]

==============================================================================

Section Cross References

    startup_stm32f405xx.o(STACK) refers (Special) to heapauxi.o(.text) for __use_two_region_memory
    startup_stm32f405xx.o(HEAP) refers (Special) to heapauxi.o(.text) for __use_two_region_memory
    startup_stm32f405xx.o(RESET) refers (Special) to heapauxi.o(.text) for __use_two_region_memory
    startup_stm32f405xx.o(RESET) refers to startup_stm32f405xx.o(STACK) for __initial_sp
    startup_stm32f405xx.o(RESET) refers to startup_stm32f405xx.o(.text) for Reset_Handler
    startup_stm32f405xx.o(RESET) refers to stm32f4xx_it.o(i.NMI_Handler) for NMI_Handler
    startup_stm32f405xx.o(RESET) refers to stm32f4xx_it.o(i.HardFault_Handler) for HardFault_Handler
    startup_stm32f405xx.o(RESET) refers to stm32f4xx_it.o(i.MemManage_Handler) for MemManage_Handler
    startup_stm32f405xx.o(RESET) refers to stm32f4xx_it.o(i.BusFault_Handler) for BusFault_Handler
    startup_stm32f405xx.o(RESET) refers to stm32f4xx_it.o(i.UsageFault_Handler) for UsageFault_Handler
    startup_stm32f405xx.o(RESET) refers to port.o(.emb_text) for SVC_Handler
    startup_stm32f405xx.o(RESET) refers to stm32f4xx_it.o(i.DebugMon_Handler) for DebugMon_Handler
    startup_stm32f405xx.o(RESET) refers to cmsis_os2.o(i.SysTick_Handler) for SysTick_Handler
    startup_stm32f405xx.o(RESET) refers to stm32f4xx_it.o(i.TIM4_IRQHandler) for TIM4_IRQHandler
    startup_stm32f405xx.o(RESET) refers to stm32f4xx_it.o(i.USART1_IRQHandler) for USART1_IRQHandler
    startup_stm32f405xx.o(RESET) refers to stm32f4xx_it.o(i.DMA2_Stream2_IRQHandler) for DMA2_Stream2_IRQHandler
    startup_stm32f405xx.o(RESET) refers to stm32f4xx_it.o(i.DMA2_Stream7_IRQHandler) for DMA2_Stream7_IRQHandler
    startup_stm32f405xx.o(.text) refers (Special) to heapauxi.o(.text) for __use_two_region_memory
    startup_stm32f405xx.o(.text) refers to system_stm32f4xx_1.o(i.SystemInit) for SystemInit
    startup_stm32f405xx.o(.text) refers to __main.o(!!!main) for __main
    startup_stm32f405xx.o(.text) refers to startup_stm32f405xx.o(HEAP) for Heap_Mem
    startup_stm32f405xx.o(.text) refers to startup_stm32f405xx.o(STACK) for Stack_Mem
    bmi.o(i.TaskBMI088) refers to queue.o(i.xQueueSemaphoreTake) for xQueueSemaphoreTake
    bmi.o(i.TaskBMI088) refers to freertos.o(i.GetI2C) for GetI2C
    bmi.o(i.TaskBMI088) refers to bmi.o(i.bmi088_read) for bmi088_read
    bmi.o(i.TaskBMI088) refers to freertos.o(i.PutI2C) for PutI2C
    bmi.o(i.TaskBMI088) refers to queue.o(i.xQueueGenericSend) for xQueueGenericSend
    bmi.o(i.TaskBMI088) refers to tasks_1.o(i.vTaskDelay) for vTaskDelay
    bmi.o(i.TaskBMI088) refers to main.o(.data) for xSemaphoreBMI088
    bmi.o(i.TaskBMI088) refers to freertos.o(.data) for xQueueACCE
    bmi.o(i.TaskBMI088) refers to main.o(.data) for xSemaphoreVL53
    bmi.o(i.TaskBMI088) refers to bmi.o(.bss) for .bss
    bmi.o(i.bmi088_read) refers to bmi08a.o(i.bmi08a_get_data) for bmi08a_get_data
    bmi.o(i.bmi088_read) refers to bmi08g.o(i.bmi08g_get_data) for bmi08g_get_data
    bmi.o(i.bmi088_read) refers to dflt_clz.o(x$fpl$dflt) for __aeabi_i2d
    bmi.o(i.bmi088_read) refers to dmul.o(x$fpl$dmul) for __aeabi_dmul
    bmi.o(i.bmi088_read) refers to d2f.o(x$fpl$d2f) for __aeabi_d2f
    bmi.o(i.bmi088_read) refers to ddiv.o(x$fpl$ddiv) for __aeabi_ddiv
    bmi.o(i.bmi088_read) refers to bmi.o(.data) for .data
    bmi.o(i.bmi088_read) refers to bmi.o(.bss) for .bss
    bmi.o(i.bmi088_starting) refers to bmi088.o(i.bmi088_init) for bmi088_init
    bmi.o(i.bmi088_starting) refers to noretval__2sprintf.o(.text) for __2sprintf
    bmi.o(i.bmi088_starting) refers to strlen.o(.text) for strlen
    bmi.o(i.bmi088_starting) refers to stm32f4xx_hal_uart.o(i.HAL_UART_Transmit) for HAL_UART_Transmit
    bmi.o(i.bmi088_starting) refers to stm32f4xx_hal.o(i.HAL_Delay) for HAL_Delay
    bmi.o(i.bmi088_starting) refers to bmi08a.o(i.bmi08a_get_regs) for bmi08a_get_regs
    bmi.o(i.bmi088_starting) refers to bmi08g.o(i.bmi08g_get_regs) for bmi08g_get_regs
    bmi.o(i.bmi088_starting) refers to bmi08a.o(i.bmi08a_soft_reset) for bmi08a_soft_reset
    bmi.o(i.bmi088_starting) refers to bmi08a.o(i.bmi08a_get_power_mode) for bmi08a_get_power_mode
    bmi.o(i.bmi088_starting) refers to bmi08a.o(i.bmi08a_get_meas_conf) for bmi08a_get_meas_conf
    bmi.o(i.bmi088_starting) refers to bmi08a.o(i.bmi08a_set_power_mode) for bmi08a_set_power_mode
    bmi.o(i.bmi088_starting) refers to bmi08a.o(i.bmi08a_set_meas_conf) for bmi08a_set_meas_conf
    bmi.o(i.bmi088_starting) refers to bmi08g.o(i.bmi08g_set_power_mode) for bmi08g_set_power_mode
    bmi.o(i.bmi088_starting) refers to bmi08g.o(i.bmi08g_set_meas_conf) for bmi08g_set_meas_conf
    bmi.o(i.bmi088_starting) refers to bmi.o(.data) for .data
    bmi.o(i.bmi088_starting) refers to bmi.o(.bss) for .bss
    bmi.o(i.bmi088_starting) refers to usart.o(.bss) for huart1
[...]
    VL53L1_RdByte                            0x08005ccd   Thumb Code    70  vl53l1_platform.o(i.VL53L1_RdByte)
    VL53L1_RdWord                            0x08005d4d   Thumb Code    48  vl53l1_platform.o(i.VL53L1_RdWord)
    VL53L1_ReadMulti                         0x08005d81   Thumb Code    64  vl53l1_platform.o(i.VL53L1_ReadMulti)
    VL53L1_WrByte                            0x08005ded   Thumb Code    38  vl53l1_platform.o(i.VL53L1_WrByte)
    VL53L1_WrDWord                           0x08005e19   Thumb Code    44  vl53l1_platform.o(i.VL53L1_WrDWord)
    VL53L1_WrWord                            0x08005e49   Thumb Code    56  vl53l1_platform.o(i.VL53L1_WrWord)
    VL53L1__GetDistance                      0x08005e85   Thumb Code   154  vl53l1_platform.o(i.VL53L1__GetDistance)
    VL53L1__Init                             0x08005f6d   Thumb Code   222  vl53l1_platform.o(i.VL53L1__Init)
    VL53L1__Xshut                            0x08006085   Thumb Code    92  vl53l1_platform.o(i.VL53L1__Xshut)
    WriteReg                                 0x0800611d   Thumb Code   106  pmw3901.o(i.WriteReg)
    __ARM_fpclassify                         0x080061a9   Thumb Code    48  fpclassify.o(i.__ARM_fpclassify)
    __hardfp_fabs                            0x080061f9   Thumb Code    20  fabs.o(i.__hardfp_fabs)
    __hardfp_fmod                            0x0800620d   Thumb Code   254  fmod.o(i.__hardfp_fmod)
    __hardfp_pow                             0x08006311   Thumb Code  3072  pow.o(i.__hardfp_pow)
    __hardfp_sin                             0x08006f61   Thumb Code   180  sin.o(i.__hardfp_sin)
    __ieee754_rem_pio2                       0x08007029   Thumb Code   938  rred.o(i.__ieee754_rem_pio2)
    __kernel_cos                             0x08007461   Thumb Code   322  cos_i.o(i.__kernel_cos)
    __kernel_poly                            0x080075d1   Thumb Code   248  poly.o(i.__kernel_poly)
    __kernel_sin                             0x080076c9   Thumb Code   280  sin_i.o(i.__kernel_sin)
    __mathlib_dbl_divzero                    0x080077f9   Thumb Code    28  dunder.o(i.__mathlib_dbl_divzero)
    __mathlib_dbl_infnan                     0x08007829   Thumb Code    20  dunder.o(i.__mathlib_dbl_infnan)
    __mathlib_dbl_infnan2                    0x0800783d   Thumb Code    20  dunder.o(i.__mathlib_dbl_infnan2)
    __mathlib_dbl_invalid                    0x08007851   Thumb Code    24  dunder.o(i.__mathlib_dbl_invalid)
    __mathlib_dbl_overflow                   0x08007871   Thumb Code    24  dunder.o(i.__mathlib_dbl_overflow)
    __mathlib_dbl_underflow                  0x08007891   Thumb Code    24  dunder.o(i.__mathlib_dbl_underflow)
    _is_digit                                0x080078b1   Thumb Code    14  __printf_wp.o(i._is_digit)
    apply_motor_thrust                       0x080078c1   Thumb Code    56  stablecontrol.o(i.apply_motor_thrust)
    bmi088_init                              0x080078fd   Thumb Code    24  bmi088.o(i.bmi088_init)
    bmi088_read                              0x08007915   Thumb Code   190  bmi.o(i.bmi088_read)
    bmi088_starting                          0x080079f5   Thumb Code   256  bmi.o(i.bmi088_starting)
    bmi08a_get_data                          0x08007b4d   Thumb Code    82  bmi08a.o(i.bmi08a_get_data)
    bmi08a_get_meas_conf                     0x08007b9f   Thumb Code    56  bmi08a.o(i.bmi08a_get_meas_conf)
    bmi08a_get_power_mode                    0x08007bd7   Thumb Code    36  bmi08a.o(i.bmi08a_get_power_mode)
    bmi08a_get_regs                          0x08007bfb   Thumb Code    54  bmi08a.o(i.bmi08a_get_regs)
    bmi08a_init                              0x08007c31   Thumb Code    80  bmi08a.o(i.bmi08a_init)
    bmi08a_set_meas_conf                     0x08007c81   Thumb Code   136  bmi08a.o(i.bmi08a_set_meas_conf)
    bmi08a_set_power_mode                    0x08007d09   Thumb Code    92  bmi08a.o(i.bmi08a_set_power_mode)
    bmi08a_soft_reset                        0x08007d65   Thumb Code    64  bmi08a.o(i.bmi08a_soft_reset)
    bmi08g_get_data                          0x08007da5   Thumb Code    82  bmi08g.o(i.bmi08g_get_data)
    bmi08g_get_regs                          0x08007df7   Thumb Code    54  bmi08g.o(i.bmi08g_get_regs)
    bmi08g_init                              0x08007e2d   Thumb Code    50  bmi08g.o(i.bmi08g_init)
    bmi08g_set_meas_conf                     0x08007e5f   Thumb Code   138  bmi08g.o(i.bmi08g_set_meas_conf)
    bmi08g_set_power_mode                    0x08007ee9   Thumb Code    98  bmi08g.o(i.bmi08g_set_power_mode)
    compute_motor_thrust                     0x08007f4d   Thumb Code   546  stablecontrol.o(i.compute_motor_thrust)
    f1                                       0x080081b1   Thumb Code   144  newton.o(i.f1)
    f2                                       0x0800824d   Thumb Code    56  newton.o(i.f2)
    fabs                                     0x0800828d   Thumb Code    24  fabs.o(i.fabs)
    get_sensor_data                          0x08008329   Thumb Code   322  stablecontrol.o(i.get_sensor_data)
    initRegisters                            0x0800849d   Thumb Code   898  pmw3901.o(i.initRegisters)
    initSemaphores                           0x08008821   Thumb Code    74  queuehandle.o(i.initSemaphores)
    inverseJacobian                          0x0800887d   Thumb Code   190  newton.o(i.inverseJacobian)
    jacobian                                 0x08008945   Thumb Code   154  newton.o(i.jacobian)
    main                                     0x080089fd   Thumb Code   384  main.o(i.main)
    newtonRaphson                            0x08008c3d   Thumb Code   428  newton.o(i.newtonRaphson)
    osDelay                                  0x08008e2d   Thumb Code    26  cmsis_os2.o(i.osDelay)
    osKernelInitialize                       0x08008e49   Thumb Code    32  cmsis_os2.o(i.osKernelInitialize)
    osKernelStart                            0x08008e6d   Thumb Code    48  cmsis_os2.o(i.osKernelStart)
    osThreadNew                              0x08008ea5   Thumb Code   138  cmsis_os2.o(i.osThreadNew)
    pmw3901_read                             0x08008f31   Thumb Code    60  pmw3901.o(i.pmw3901_read)
    pvPortMalloc                             0x0800971d   Thumb Code   216  heap_4.o(i.pvPortMalloc)
    pvTaskIncrementMutexHeldCount            0x080097f9   Thumb Code    18  tasks_1.o(i.pvTaskIncrementMutexHeldCount)
    pxPortInitialiseStack                    0x08009811   Thumb Code    40  port.o(i.pxPortInitialiseStack)
    sqrt                                     0x08009885   Thumb Code   110  sqrt.o(i.sqrt)
    stm32_i2c_read                           0x080098f5   Thumb Code    26  bmi.o(i.stm32_i2c_read)
    stm32_i2c_write                          0x08009915   Thumb Code    36  bmi.o(i.stm32_i2c_write)
    uxListRemove                             0x0800993d   Thumb Code    38  list.o(i.uxListRemove)
    vApplicationGetIdleTaskMemory            0x08009965   Thumb Code    16  cmsis_os2.o(i.vApplicationGetIdleTaskMemory)
    vApplicationGetTimerTaskMemory           0x08009979   Thumb Code    18  cmsis_os2.o(i.vApplicationGetTimerTaskMemory)
    vListInitialise                          0x08009991   Thumb Code    22  list.o(i.vListInitialise)
    vListInitialiseItem                      0x080099a7   Thumb Code     6  list.o(i.vListInitialiseItem)
    vListInsert                              0x080099ad   Thumb Code    48  list.o(i.vListInsert)
    vListInsertEnd                           0x080099dd   Thumb Code    24  list.o(i.vListInsertEnd)
    vPortEnterCritical                       0x080099f5   Thumb Code    54  port.o(i.vPortEnterCritical)
    vPortExitCritical                        0x08009a35   Thumb Code    34  port.o(i.vPortExitCritical)
    vPortFree                                0x08009a5d   Thumb Code    94  heap_4.o(i.vPortFree)
    vPortSetupTimerInterrupt                 0x08009ac1   Thumb Code    32  port.o(i.vPortSetupTimerInterrupt)
    vPortValidateInterruptPriority           0x08009ae5   Thumb Code    74  port.o(i.vPortValidateInterruptPriority)
    vQueueAddToRegistry                      0x08009b39   Thumb Code    34  queue.o(i.vQueueAddToRegistry)
    vQueueWaitForMessageRestricted           0x08009b61   Thumb Code    68  queue.o(i.vQueueWaitForMessageRestricted)
    vTaskDelay                               0x08009ba5   Thumb Code    66  tasks_1.o(i.vTaskDelay)
    vTaskInternalSetTimeOutState             0x08009bf1   Thumb Code    12  tasks_1.o(i.vTaskInternalSetTimeOutState)
    vTaskMissedYield                         0x08009c01   Thumb Code     8  tasks_1.o(i.vTaskMissedYield)
    vTaskPlaceOnEventList                    0x08009c0d   Thumb Code    44  tasks_1.o(i.vTaskPlaceOnEventList)
    vTaskPlaceOnEventListRestricted          0x08009c3d   Thumb Code    52  tasks_1.o(i.vTaskPlaceOnEventListRestricted)
    vTaskPriorityDisinheritAfterTimeout      0x08009c75   Thumb Code   134  tasks_1.o(i.vTaskPriorityDisinheritAfterTimeout)
    vTaskStartScheduler                      0x08009d05   Thumb Code   118  tasks_1.o(i.vTaskStartScheduler)
    vTaskSuspendAll                          0x08009d8d   Thumb Code    10  tasks_1.o(i.vTaskSuspendAll)
    vTaskSwitchContext                       0x08009d9d   Thumb Code    90  tasks_1.o(i.vTaskSwitchContext)
    xPortStartScheduler                      0x08009e01   Thumb Code   222  port.o(i.xPortStartScheduler)
    xPortSysTickHandler                      0x08009ef5   Thumb Code    38  port.o(i.xPortSysTickHandler)
    xQueueCreateMutex                        0x08009f21   Thumb Code    22  queue.o(i.xQueueCreateMutex)
    xQueueGenericCreate                      0x08009f37   Thumb Code    66  queue.o(i.xQueueGenericCreate)
    xQueueGenericCreateStatic                0x08009f79   Thumb Code   102  queue.o(i.xQueueGenericCreateStatic)
    xQueueGenericReset                       0x08009fe1   Thumb Code   132  queue.o(i.xQueueGenericReset)
    xQueueGenericSend                        0x0800a069   Thumb Code   346  queue.o(i.xQueueGenericSend)
    xQueueGenericSendFromISR                 0x0800a1c9   Thumb Code   190  queue.o(i.xQueueGenericSendFromISR)
    xQueueReceive                            0x0800a289   Thumb Code   308  queue.o(i.xQueueReceive)
    xQueueSemaphoreTake                      0x0800a3c1   Thumb Code   372  queue.o(i.xQueueSemaphoreTake)
    xTaskCheckForTimeOut                     0x0800a539   Thumb Code   112  tasks_1.o(i.xTaskCheckForTimeOut)
    xTaskCreate                              0x0800a5ad   Thumb Code    90  tasks_1.o(i.xTaskCreate)
    xTaskCreateStatic                        0x0800a607   Thumb Code    86  tasks_1.o(i.xTaskCreateStatic)
    xTaskGetSchedulerState                   0x0800a65d   Thumb Code    22  tasks_1.o(i.xTaskGetSchedulerState)
    xTaskGetTickCount                        0x0800a679   Thumb Code     6  tasks_1.o(i.xTaskGetTickCount)
    xTaskIncrementTick                       0x0800a685   Thumb Code   192  tasks_1.o(i.xTaskIncrementTick)
    xTaskPriorityDisinherit                  0x0800a74d   Thumb Code   118  tasks_1.o(i.xTaskPriorityDisinherit)
    xTaskPriorityInherit                     0x0800a7cd   Thumb Code   112  tasks_1.o(i.xTaskPriorityInherit)
    xTaskRemoveFromEventList                 0x0800a845   Thumb Code    98  tasks_1.o(i.xTaskRemoveFromEventList)
    xTaskResumeAll                           0x0800a8b5   Thumb Code   182  tasks_1.o(i.xTaskResumeAll)
    xTimerCreateTimerTask                    0x0800a979   Thumb Code    78  timers.o(i.xTimerCreateTimerTask)
    xTimerGenericCommand                     0x0800a9d9   Thumb Code    98  timers.o(i.xTimerGenericCommand)
    _get_lc_numeric                          0x0800aa41   Thumb Code    44  lc_numeric_c.o(locale$$code)
    __aeabi_dneg                             0x0800aa6d   Thumb Code     0  basic.o(x$fpl$basic)
    _dneg                                    0x0800aa6d   Thumb Code     6  basic.o(x$fpl$basic)
    __aeabi_fneg                             0x0800aa73   Thumb Code     0  basic.o(x$fpl$basic)
    _fneg                                    0x0800aa73   Thumb Code     6  basic.o(x$fpl$basic)
    _dabs                                    0x0800aa79   Thumb Code     6  basic.o(x$fpl$basic)
    _fabs                                    0x0800aa7f   Thumb Code     6  basic.o(x$fpl$basic)
    __aeabi_d2f                              0x0800aa85   Thumb Code     0  d2f.o(x$fpl$d2f)
    _d2f                                     0x0800aa85   Thumb Code    98  d2f.o(x$fpl$d2f)
    __aeabi_dadd                             0x0800aae9   Thumb Code     0  daddsub_clz.o(x$fpl$dadd)
    _dadd                                    0x0800aae9   Thumb Code   332  daddsub_clz.o(x$fpl$dadd)
    __fpl_dcheck_NaN1                        0x0800ac39   Thumb Code    10  dcheck1.o(x$fpl$dcheck1)
    __fpl_dcmp_Inf                           0x0800ac49   Thumb Code    24  dcmpi.o(x$fpl$dcmpinf)
    __aeabi_ddiv                             0x0800ac61   Thumb Code     0  ddiv.o(x$fpl$ddiv)
    _ddiv                                    0x0800ac61   Thumb Code   552  ddiv.o(x$fpl$ddiv)
    __aeabi_d2iz                             0x0800af11   Thumb Code     0  dfix.o(x$fpl$dfix)
    _dfix                                    0x0800af11   Thumb Code    94  dfix.o(x$fpl$dfix)
    __aeabi_d2uiz                            0x0800af71   Thumb Code     0  dfixu.o(x$fpl$dfixu)
    _dfixu                                   0x0800af71   Thumb Code    90  dfixu.o(x$fpl$dfixu)
    __aeabi_i2d                              0x0800afcb   Thumb Code     0  dflt_clz.o(x$fpl$dflt)
    _dflt                                    0x0800afcb   Thumb Code    46  dflt_clz.o(x$fpl$dflt)
    __aeabi_ui2d                             0x0800aff9   Thumb Code     0  dflt_clz.o(x$fpl$dfltu)
    _dfltu                                   0x0800aff9   Thumb Code    38  dflt_clz.o(x$fpl$dfltu)
    __aeabi_cdcmple                          0x0800b021   Thumb Code     0  dleqf.o(x$fpl$dleqf)
    _dcmple                                  0x0800b021   Thumb Code   120  dleqf.o(x$fpl$dleqf)
    __fpl_dcmple_InfNaN                      0x0800b083   Thumb Code     0  dleqf.o(x$fpl$dleqf)
    __aeabi_dmul                             0x0800b099   Thumb Code     0  dmul.o(x$fpl$dmul)
    _dmul                                    0x0800b099   Thumb Code   332  dmul.o(x$fpl$dmul)
    __fpl_dnaninf                            0x0800b1ed   Thumb Code   156  dnaninf.o(x$fpl$dnaninf)
    _drem                                    0x0800b289   Thumb Code   328  drem_clz.o(x$fpl$drem)
    __fpl_dretinf                            0x0800b3d9   Thumb Code    12  dretinf.o(x$fpl$dretinf)
    __aeabi_cdrcmple                         0x0800b3e5   Thumb Code     0  drleqf.o(x$fpl$drleqf)
    _drcmple                                 0x0800b3e5   Thumb Code   108  drleqf.o(x$fpl$drleqf)
    __aeabi_drsub                            0x0800b451   Thumb Code     0  daddsub_clz.o(x$fpl$drsb)
    _drsb                                    0x0800b451   Thumb Code    22  daddsub_clz.o(x$fpl$drsb)
    _dsqrt                                   0x0800b469   Thumb Code   404  dsqrt_umaal.o(x$fpl$dsqrt)
    __aeabi_dsub                             0x0800b601   Thumb Code     0  daddsub_clz.o(x$fpl$dsub)
    _dsub                                    0x0800b601   Thumb Code   464  daddsub_clz.o(x$fpl$dsub)
    __aeabi_f2d                              0x0800b7d5   Thumb Code     0  f2d.o(x$fpl$f2d)
    _f2d                                     0x0800b7d5   Thumb Code    86  f2d.o(x$fpl$f2d)
    __fpl_fnaninf                            0x0800b82b   Thumb Code   140  fnaninf.o(x$fpl$fnaninf)
    _fp_init                                 0x0800b8b7   Thumb Code    10  fpinit.o(x$fpl$fpinit)
    __fplib_config_fpu_vfp                   0x0800b8bf   Thumb Code     0  fpinit.o(x$fpl$fpinit)
    __fplib_config_pureend_doubles           0x0800b8bf   Thumb Code     0  fpinit.o(x$fpl$fpinit)
    __fpl_fretinf                            0x0800b8c1   Thumb Code    10  fretinf.o(x$fpl$fretinf)
    _printf_fp_dec                           0x0800b8cb   Thumb Code     4  printf1.o(x$fpl$printf1)
    __fpl_return_NaN                         0x0800b8cf   Thumb Code   100  retnan.o(x$fpl$retnan)
    __ARM_scalbn                             0x0800b933   Thumb Code    92  scalbn.o(x$fpl$scalbn)
    __fpl_cmpreturn                          0x0800b98f   Thumb Code    48  trapv.o(x$fpl$trapveneer)
    VL51L1X_DEFAULT_CONFIGURATION            0x0800b9be   Data          91  vl53l1x_api.o(.constdata)
    __I$use$fp                               0x0800b9be   Number         0  usenofp.o(x$fpl$usenofp)
    defaultTask_attributes                   0x0800ba34   Data          36  freertos.o(.constdata)
    AHBPrescTable                            0x0800ba60   Data          16  system_stm32f4xx_1.o(.constdata)
    APBPrescTable                            0x0800ba70   Data           8  system_stm32f4xx_1.o(.constdata)
    __mathlib_zero                           0x0800bb58   Data           8  qnan.o(.constdata)
    Region$$Table$$Base                      0x0800bcf0   Number         0  anon$$obj.o(Region$$Table)
    Region$$Table$$Limit                     0x0800bd10   Number         0  anon$$obj.o(Region$$Table)
    data                                     0x20000000   Data           1  bmi.o(.data)
    rslt                                     0x20000001   Data           1  bmi.o(.data)
    accRange                                 0x20000004   Data           4  bmi.o(.data)
    user_accel_bmi088                        0x20000008   Data           6  bmi.o(.data)
    user_gyro_bmi088                         0x2000000e   Data           6  bmi.o(.data)
    dev                                      0x20000014   Data          36  bmi.o(.data)
    deltax                                   0x20000038   Data           2  pmw3901.o(.data)
    deltay                                   0x2000003a   Data           2  pmw3901.o(.data)
    sensorData                               0x2000003c   Data           4  pmw3901.o(.data)
    ret                                      0x20000040   Data           1  vl53l1_platform.o(.data)
    distance                                 0x20000044   Data           2  vl53l1_platform.o(.data)
    pid_kp                                   0x20000048   Data           4  stablecontrol.o(.data)
    pid_ki                                   0x2000004c   Data           4  stablecontrol.o(.data)
    pid_kd                                   0x20000050   Data           4  stablecontrol.o(.data)
    yaw_angle                                0x20000054   Data           4  stablecontrol.o(.data)
    dt                                       0x20000058   Data           4  stablecontrol.o(.data)
    lastValue                                0x2000005c   Data           4  stablecontrol.o(.data)
    z_d                                      0x20000060   Data           4  stablecontrol.o(.data)
    yaw_d                                    0x20000064   Data           4  stablecontrol.o(.data)
    x_d                                      0x20000068   Data           4  stablecontrol.o(.data)
    y_d                                      0x2000006c   Data           4  stablecontrol.o(.data)
    z_d_dot                                  0x20000070   Data           4  stablecontrol.o(.data)
    x_d_dot                                  0x20000074   Data           4  stablecontrol.o(.data)
    y_d_dot                                  0x20000078   Data           4  stablecontrol.o(.data)
    yaw_d_dot                                0x2000007c   Data           4  stablecontrol.o(.data)
    az                                       0x20000080   Data           4  stablecontrol.o(.data)
    ax                                       0x20000084   Data           4  stablecontrol.o(.data)
    ay                                       0x20000088   Data           4  stablecontrol.o(.data)
    velocity_x                               0x2000008c   Data           4  stablecontrol.o(.data)
    velocity_y                               0x20000090   Data           4  stablecontrol.o(.data)
    velocity_z                               0x20000094   Data           4  stablecontrol.o(.data)
    ac_x                                     0x20000098   Data           4  stablecontrol.o(.data)
    ac_y                                     0x2000009c   Data           4  stablecontrol.o(.data)
    previous_v_z                             0x200000a0   Data           4  stablecontrol.o(.data)
    tau_z                                    0x200000a4   Data           4  stablecontrol.o(.data)
    commandQueue                             0x200000bc   Data           4  stablecontrol.o(.data)
    ac_z                                     0x200000c0   Data           4  stablecontrol.o(.data)
    ac_z_f                                   0x200000c4   Data           4  stablecontrol.o(.data)
    ac_pmw3901                               0x200000c8   Data           4  stablecontrol.o(.data)
    w_z                                      0x200000cc   Data           4  stablecontrol.o(.data)
    q1                                       0x200000d0   Data           8  stablecontrol.o(.data)
    q2                                       0x200000d8   Data           8  stablecontrol.o(.data)
    C_z                                      0x200000e0   Data           4  newton.o(.data)
    error                                    0x200000e4   Data           1  main.o(.data)
    xSemaphorePMW3901                        0x200000e8   Data           4  main.o(.data)
    xSemaphoreBMI088                         0x200000ec   Data           4  main.o(.data)
    xSemaphoreControl                        0x200000f0   Data           4  main.o(.data)
    xSemaphoreVL53                           0x200000f4   Data           4  main.o(.data)
    xQueuePMW3901                            0x200000f8   Data           4  freertos.o(.data)
    xQueueACCE                               0x200000fc   Data           4  freertos.o(.data)
    XQueueGYRO                               0x20000100   Data           4  freertos.o(.data)
    xQueueVL53                               0x20000104   Data           4  freertos.o(.data)
    defaultTaskHandle                        0x2000010c   Data           4  freertos.o(.data)
    uwTickFreq                               0x20000110   Data           1  stm32f4xx_hal.o(.data)
    uwTickPrio                               0x20000114   Data           4  stm32f4xx_hal.o(.data)
    uwTick                                   0x20000118   Data           4  stm32f4xx_hal.o(.data)
    SystemCoreClock                          0x2000011c   Data           4  system_stm32f4xx_1.o(.data)
    pxCurrentTCB                             0x20000120   Data           4  tasks_1.o(.data)
    message1                                 0x200001a0   Data         512  bmi.o(.bss)
    accel_bmi088_f                           0x200003a0   Data          12  bmi.o(.bss)
    gyro_bmi088_f                            0x200003ac   Data          12  bmi.o(.bss)
    message                                  0x200003b8   Data         512  pmw3901.o(.bss)
    amessage                                 0x200005b8   Data         512  vl53l1_platform.o(.bss)
    bmessage                                 0x200007b8   Data         512  vl53l1x_api.o(.bss)
    printmessage                             0x200009b8   Data         512  stablecontrol.o(.bss)
    pid_az                                   0x20000bb8   Data          60  stablecontrol.o(.bss)
    pid_tz                                   0x20000bf4   Data          60  stablecontrol.o(.bss)
    pid_ax                                   0x20000c30   Data          60  stablecontrol.o(.bss)
    pid_ay                                   0x20000c6c   Data          60  stablecontrol.o(.bss)
    rx_buffer                                0x20000ca8   Data          12  stablecontrol.o(.bss)
    ac_accel                                 0x20000cb4   Data          12  stablecontrol.o(.bss)
    ac_gyro                                  0x20000cc0   Data          12  stablecontrol.o(.bss)
    motor_thrust                             0x20000ccc   Data          16  stablecontrol.o(.bss)
    Sprintmessage                            0x20000cdc   Data         512  main.o(.bss)
    hi2c1                                    0x20000edc   Data          84  i2c.o(.bss)
    hi2c2                                    0x20000f30   Data          84  i2c.o(.bss)
    hspi1                                    0x20000f84   Data          88  spi.o(.bss)
    htim2                                    0x20000fdc   Data          72  tim.o(.bss)
    huart1                                   0x20001024   Data          72  usart.o(.bss)
    hdma_usart1_rx                           0x2000106c   Data          96  usart.o(.bss)
    hdma_usart1_tx                           0x200010cc   Data          96  usart.o(.bss)
    htim4                                    0x2000112c   Data          72  stm32f4xx_hal_timebase_tim.o(.bss)
    xQueueRegistry                           0x20001174   Data          64  queue.o(.bss)
    __libspace_start                         0x20005a48   Data          96  libspace.o(.bss)
    __temporary_stack_top$libspace           0x20005aa8   Data           0  libspace.o(.bss)



==============================================================================

Memory Map of the image

  Image Entry point : 0x08000189

  Load Region LR_IROM1 (Base: 0x08000000, Size: 0x0000becc, Max: 0x00100000, ABSOLUTE, COMPRESSED[0x0000bd68])

    Execution Region ER_IROM1 (Exec base: 0x08000000, Load base: 0x08000000, Size: 0x0000bd2c, Max: 0x00100000, ABSOLUTE)

    Exec Addr    Load Addr    Size         Type   Attr      Idx    E Section Name        Object

    0x08000000   0x08000000   0x00000188   Data   RO            3    RESET               startup_stm32f405xx.o
    0x08000188   0x08000188   0x00000008   Code   RO         7149  * !!!main             c_w.l(__main.o)
    0x08000190   0x08000190   0x00000034   Code   RO         7577    !!!scatter          c_w.l(__scatter.o)
    0x080001c4   0x080001c4   0x0000005a   Code   RO         7575    !!dczerorl2         c_w.l(__dczerorl2.o)
    0x0800021e   0x0800021e   0x00000002   PAD
    0x08000220   0x08000220   0x0000001c   Code   RO         7579    !!handler_zi        c_w.l(__scatter_zi.o)
    0x0800023c   0x0800023c   0x00000000   Code   RO         7136    .ARM.Collect$$_printf_percent$$00000000  c_w.l(_printf_percent.o)
    0x0800023c   0x0800023c   0x00000006   Code   RO         7135    .ARM.Collect$$_printf_percent$$00000003  c_w.l(_printf_f.o)
    0x08000242   0x08000242   0x00000006   Code   RO         7134    .ARM.Collect$$_printf_percent$$00000009  c_w.l(_printf_d.o)
    0x08000248   0x08000248   0x00000006   Code   RO         7133    .ARM.Collect$$_printf_percent$$0000000C  c_w.l(_printf_x.o)
    0x0800024e   0x0800024e   0x00000004   Code   RO         7271    .ARM.Collect$$_printf_percent$$00000017  c_w.l(_printf_percent_end.o)
    0x08000252   0x08000252   0x00000002   Code   RO         7508    .ARM.Collect$$libinit$$00000000  c_w.l(libinit.o)
    0x08000254   0x08000254   0x00000004   Code   RO         7278    .ARM.Collect$$libinit$$00000001  c_w.l(libinit2.o)
    0x08000258   0x08000258   0x00000000   Code   RO         7281    .ARM.Collect$$libinit$$00000004  c_w.l(libinit2.o)
    0x08000258   0x08000258   0x00000008   Code   RO         7282    .ARM.Collect$$libinit$$00000005  c_w.l(libinit2.o)
    0x08000260   0x08000260   0x00000000   Code   RO         7284    .ARM.Collect$$libinit$$0000000A  c_w.l(libinit2.o)
    0x08000260   0x08000260   0x00000000   Code   RO         7286    .ARM.Collect$$libinit$$0000000C  c_w.l(libinit2.o)
    0x08000260   0x08000260   0x00000000   Code   RO         7288    .ARM.Collect$$libinit$$0000000E  c_w.l(libinit2.o)
    0x08000260   0x08000260   0x00000006   Code   RO         7289    .ARM.Collect$$libinit$$0000000F  c_w.l(libinit2.o)
    0x08000266   0x08000266   0x00000000   Code   RO         7291    .ARM.Collect$$libinit$$00000011  c_w.l(libinit2.o)
    0x08000266   0x08000266   0x00000000   Code   RO         7293    .ARM.Collect$$libinit$$00000013  c_w.l(libinit2.o)
    0x08000266   0x08000266   0x00000000   Code   RO         7295    .ARM.Collect$$libinit$$00000015  c_w.l(libinit2.o)
    0x08000266   0x08000266   0x0000000a   Code   RO         7296    .ARM.Collect$$libinit$$00000016  c_w.l(libinit2.o)
    0x08000270   0x08000270   0x00000000   Code   RO         7297    .ARM.Collect$$libinit$$00000017  c_w.l(libinit2.o)
    0x08000270   0x08000270   0x00000000   Code   RO         7299    .ARM.Collect$$libinit$$00000019  c_w.l(libinit2.o)
    0x08000270   0x08000270   0x00000000   Code   RO         7301    .ARM.Collect$$libinit$$0000001B  c_w.l(libinit2.o)
    0x08000270   0x08000270   0x00000000   Code   RO         7303    .ARM.Collect$$libinit$$0000001D  c_w.l(libinit2.o)
    0x08000270   0x08000270   0x00000000   Code   RO         7305    .ARM.Collect$$libinit$$0000001F  c_w.l(libinit2.o)
    0x08000270   0x08000270   0x00000000   Code   RO         7307    .ARM.Collect$$libinit$$00000021  c_w.l(libinit2.o)
    0x08000270   0x08000270   0x00000000   Code   RO         7309    .ARM.Collect$$libinit$$00000023  c_w.l(libinit2.o)
    0x08000270   0x08000270   0x00000000   Code   RO         7311    .ARM.Collect$$libinit$$00000025  c_w.l(libinit2.o)
    0x08000270   0x08000270   0x00000000   Code   RO         7315    .ARM.Collect$$libinit$$0000002C  c_w.l(libinit2.o)
    0x08000270   0x08000270   0x00000000   Code   RO         7317    .ARM.Collect$$libinit$$0000002E  c_w.l(libinit2.o)
    0x08000270   0x08000270   0x00000000   Code   RO         7319    .ARM.Collect$$libinit$$00000030  c_w.l(libinit2.o)
    0x08000270   0x08000270   0x00000000   Code   RO         7321    .ARM.Collect$$libinit$$00000032  c_w.l(libinit2.o)
    0x08000270   0x08000270   0x00000002   Code   RO         7322    .ARM.Collect$$libinit$$00000033  c_w.l(libinit2.o)
    0x08000272   0x08000272   0x00000002   Code   RO         7572    .ARM.Collect$$libshutdown$$00000000  c_w.l(libshutdown.o)
    0x08000274   0x08000274   0x00000000   Code   RO         7526    .ARM.Collect$$libshutdown$$00000002  c_w.l(libshutdown2.o)
    0x08000274   0x08000274   0x00000000   Code   RO         7528    .ARM.Collect$$libshutdown$$00000004  c_w.l(libshutdown2.o)
    0x08000274   0x08000274   0x00000000   Code   RO         7530    .ARM.Collect$$libshutdown$$00000006  c_w.l(libshutdown2.o)
    0x08000274   0x08000274   0x00000000   Code   RO         7533    .ARM.Collect$$libshutdown$$00000009  c_w.l(libshutdown2.o)
    0x08000274   0x08000274   0x00000000   Code   RO         7536    .ARM.Collect$$libshutdown$$0000000C  c_w.l(libshutdown2.o)
    0x08000274   0x08000274   0x00000000   Code   RO         7538    .ARM.Collect$$libshutdown$$0000000E  c_w.l(libshutdown2.o)
    0x08000274   0x08000274   0x00000000   Code   RO         7541    .ARM.Collect$$libshutdown$$00000011  c_w.l(libshutdown2.o)
    0x08000274   0x08000274   0x00000002   Code   RO         7542    .ARM.Collect$$libshutdown$$00000012  c_w.l(libshutdown2.o)
    0x08000276   0x08000276   0x00000000   Code   RO         7231    .ARM.Collect$$rtentry$$00000000  c_w.l(__rtentry.o)
    0x08000276   0x08000276   0x00000000   Code   RO         7389    .ARM.Collect$$rtentry$$00000002  c_w.l(__rtentry2.o)
    0x08000276   0x08000276   0x00000006   Code   RO         7401    .ARM.Collect$$rtentry$$00000004  c_w.l(__rtentry4.o)
    0x0800027c   0x0800027c   0x00000000   Code   RO         7391    .ARM.Collect$$rtentry$$00000009  c_w.l(__rtentry2.o)
    0x0800027c   0x0800027c   0x00000004   Code   RO         7392    .ARM.Collect$$rtentry$$0000000A  c_w.l(__rtentry2.o)
    0x08000280   0x08000280   0x00000000   Code   RO         7394    .ARM.Collect$$rtentry$$0000000C  c_w.l(__rtentry2.o)
    0x08000280   0x08000280   0x00000008   Code   RO         7395    .ARM.Collect$$rtentry$$0000000D  c_w.l(__rtentry2.o)
    0x08000288   0x08000288   0x00000002   Code   RO         7513    .ARM.Collect$$rtexit$$00000000  c_w.l(rtexit.o)
    0x0800028a   0x0800028a   0x00000000   Code   RO         7548    .ARM.Collect$$rtexit$$00000002  c_w.l(rtexit2.o)
    0x0800028a   0x0800028a   0x00000004   Code   RO         7549    .ARM.Collect$$rtexit$$00000003  c_w.l(rtexit2.o)
    0x0800028e   0x0800028e   0x00000006   Code   RO         7550    .ARM.Collect$$rtexit$$00000004  c_w.l(rtexit2.o)
    0x08000294   0x08000294   0x000000be   Code   RO         6941    .emb_text           port.o
    0x08000352   0x08000352   0x00000002   PAD
    0x08000354   0x08000354   0x00000000   Code   RO         7417    .emb_text           c_w.l(maybetermalloc1.o)
    0x08000354   0x08000354   0x00000004   Code   RO          338    .revsh_text         vl53l1_platform.o
    0x08000358   0x08000358   0x00000040   Code   RO            4    .text               startup_stm32f405xx.o
    0x08000398   0x08000398   0x0000005e   Code   RO         7024    .text               c_w.l(h1_alloc.o)
    0x080003f6   0x080003f6   0x0000004e   Code   RO         7026    .text               c_w.l(h1_free.o)
    0x08000444   0x08000444   0x000000ee   Code   RO         7082    .text               c_w.l(lludivv7m.o)
    0x08000532   0x08000532   0x00000002   PAD
    0x08000534   0x08000534   0x00000028   Code   RO         7086    .text               c_w.l(noretval__2sprintf.o)
    0x0800055c   0x0800055c   0x00000078   Code   RO         7090    .text               c_w.l(_printf_dec.o)
    0x080005d4   0x080005d4   0x00000058   Code   RO         7095    .text               c_w.l(_printf_hex_int.o)
    0x0800062c   0x0800062c   0x0000010e   Code   RO         7121    .text               c_w.l(__printf_wp.o)
    0x0800073a   0x0800073a   0x0000003e   Code   RO         7137    .text               c_w.l(strlen.o)
    0x08000778   0x08000778   0x0000008a   Code   RO         7139    .text               c_w.l(rt_memcpy_v6.o)
    0x08000802   0x08000802   0x00000010   Code   RO         7143    .text               c_w.l(aeabi_memset.o)
    0x08000812   0x08000812   0x0000004e   Code   RO         7145    .text               c_w.l(rt_memclr_w.o)
    0x08000860   0x08000860   0x00000006   Code   RO         7147    .text               c_w.l(heapauxi.o)
    0x08000866   0x08000866   0x00000002   PAD
    0x08000868   0x08000868   0x00000008   Code   RO         7239    .text               c_w.l(rt_heap_descriptor_intlibspace.o)
    0x08000870   0x08000870   0x00000004   Code   RO         7241    .text               c_w.l(hguard.o)
    0x08000874   0x08000874   0x0000008a   Code   RO         7243    .text               c_w.l(init_alloc.o)
    0x080008fe   0x080008fe   0x0000000e   Code   RO         7247    .text               c_w.l(h1_init.o)
    0x0800090c   0x0800090c   0x00000016   Code   RO         7261    .text               c_w.l(_rserrno.o)
    0x08000922   0x08000922   0x000000b2   Code   RO         7263    .text               c_w.l(_printf_intcommon.o)
    0x080009d4   0x080009d4   0x0000041e   Code   RO         7265    .text               c_w.l(_printf_fp_dec.o)
    0x08000df2   0x08000df2   0x00000002   PAD
    0x08000df4   0x08000df4   0x00000030   Code   RO         7267    .text               c_w.l(_printf_char_common.o)
    0x08000e24   0x08000e24   0x0000000a   Code   RO         7269    .text               c_w.l(_sputc.o)
    0x08000e2e   0x08000e2e   0x00000064   Code   RO         7272    .text               c_w.l(rt_memcpy_w.o)
    0x08000e92   0x08000e92   0x00000044   Code   RO         7274    .text               c_w.l(rt_memclr.o)
    0x08000ed6   0x08000ed6   0x00000002   PAD
    0x08000ed8   0x08000ed8   0x00000008   Code   RO         7385    .text               c_w.l(libspace.o)
    0x08000ee0   0x08000ee0   0x00000008   Code   RO         7408    .text               c_w.l(rt_locale_intlibspace.o)
    0x08000ee8   0x08000ee8   0x00000008   Code   RO         7413    .text               c_w.l(rt_errno_addr_intlibspace.o)
    0x08000ef0   0x08000ef0   0x00000034   Code   RO         7419    .text               c_w.l(h1_extend.o)
    0x08000f24   0x08000f24   0x0000008a   Code   RO         7423    .text               c_w.l(lludiv10.o)
    0x08000fae   0x08000fae   0x00000002   PAD
    0x08000fb0   0x08000fb0   0x00000080   Code   RO         7425    .text               c_w.l(_printf_fp_infnan.o)
    0x08001030   0x08001030   0x000000e4   Code   RO         7429    .text               c_w.l(bigflt0.o)
    0x08001114   0x08001114   0x0000000e   Code   RO         7457    .text               c_w.l(defsig_rtmem_outer.o)
    0x08001122   0x08001122   0x00000002   Code   RO         7478    .text               c_w.l(use_no_semi.o)
    0x08001124   0x08001124   0x00000000   Code   RO         7480    .text               c_w.l(indicate_semi.o)
    0x08001124   0x08001124   0x0000004a   Code   RO         7481    .text               c_w.l(sys_stackheap_outer.o)
    0x0800116e   0x0800116e   0x00000012   Code   RO         7487    .text               c_w.l(exit.o)
    0x08001180   0x08001180   0x0000000a   Code   RO         7489    .text               c_w.l(defsig_exit.o)
    0x0800118a   0x0800118a   0x00000002   PAD
    0x0800118c   0x0800118c   0x00000050   Code   RO         7495    .text               c_w.l(defsig_rtmem_inner.o)
    0x080011dc   0x080011dc   0x00000080   Code   RO         7497    .text               c_w.l(strcmpv7m.o)
    0x0800125c   0x0800125c   0x0000000c   Code   RO         7511    .text               c_w.l(sys_exit.o)
    0x08001268   0x08001268   0x00000032   Code   RO         7521    .text               c_w.l(defsig_general.o)
    0x0800129a   0x0800129a   0x0000000e   Code   RO         7545    .text               c_w.l(sys_wrch.o)
    0x080012a8   0x080012a8   0x0000003e   Code   RO         7432    CL$$btod_d2e        c_w.l(btod.o)
    0x080012e6   0x080012e6   0x00000046   Code   RO         7434    CL$$btod_d2e_denorm_low  c_w.l(btod.o)
    0x0800132c   0x0800132c   0x00000060   Code   RO         7433    CL$$btod_d2e_norm_op1  c_w.l(btod.o)
    0x0800138c   0x0800138c   0x00000338   Code   RO         7442    CL$$btod_div_common  c_w.l(btod.o)
    0x080016c4   0x080016c4   0x000000dc   Code   RO         7439    CL$$btod_e2e        c_w.l(btod.o)
    0x080017a0   0x080017a0   0x0000002a   Code   RO         7436    CL$$btod_ediv       c_w.l(btod.o)
    0x080017ca   0x080017ca   0x0000002a   Code   RO         7435    CL$$btod_emul       c_w.l(btod.o)
    0x080017f4   0x080017f4   0x00000244   Code   RO         7441    CL$$btod_mult_common  c_w.l(btod.o)
    0x08001a38   0x08001a38   0x00000002   Code   RO         1835    i.BusFault_Handler  stm32f4xx_it.o
    0x08001a3a   0x08001a3a   0x00000002   PAD
    0x08001a3c   0x08001a3c   0x0000000c   Code   RO         1836    i.DMA2_Stream2_IRQHandler  stm32f4xx_it.o
    0x08001a48   0x08001a48   0x0000000c   Code   RO         1837    i.DMA2_Stream7_IRQHandler  stm32f4xx_it.o
    0x08001a54   0x08001a54   0x00000028   Code   RO         2439    i.DMA_CalcBaseAndBitshift  stm32f4xx_hal_dma.o
    0x08001a7c   0x08001a7c   0x00000054   Code   RO         2440    i.DMA_CheckFifoParam  stm32f4xx_hal_dma.o
    0x08001ad0   0x08001ad0   0x00000028   Code   RO         2441    i.DMA_SetConfig     stm32f4xx_hal_dma.o
    0x08001af8   0x08001af8   0x00000002   Code   RO         1838    i.DebugMon_Handler  stm32f4xx_it.o
    0x08001afa   0x08001afa   0x00000004   Code   RO         1490    i.Error_Handler     main.o
    0x08001afe   0x08001afe   0x00000002   PAD
    0x08001b00   0x08001b00   0x000002a4   Code   RO         1302    i.FLIGHTControl     stablecontrol.o
    0x08001da4   0x08001da4   0x00000010   Code   RO         1578    i.GetI2C            freertos.o
    0x08001db4   0x08001db4   0x00000092   Code   RO         2442    i.HAL_DMA_Abort     stm32f4xx_hal_dma.o
    0x08001e46   0x08001e46   0x00000024   Code   RO         2443    i.HAL_DMA_Abort_IT  stm32f4xx_hal_dma.o
    0x08001e6a   0x08001e6a   0x00000002   PAD
    0x08001e6c   0x08001e6c   0x000001a0   Code   RO         2447    i.HAL_DMA_IRQHandler  stm32f4xx_hal_dma.o
    0x0800200c   0x0800200c   0x000000d4   Code   RO         2448    i.HAL_DMA_Init      stm32f4xx_hal_dma.o
    0x080020e0   0x080020e0   0x0000006e   Code   RO         2452    i.HAL_DMA_Start_IT  stm32f4xx_hal_dma.o
    0x0800214e   0x0800214e   0x00000002   PAD
    0x08002150   0x08002150   0x00000024   Code   RO         2867    i.HAL_Delay         stm32f4xx_hal.o
    0x08002174   0x08002174   0x000001f0   Code   RO         2335    i.HAL_GPIO_Init     stm32f4xx_hal_gpio.o
    0x08002364   0x08002364   0x0000000a   Code   RO         2337    i.HAL_GPIO_ReadPin  stm32f4xx_hal_gpio.o
    0x0800236e   0x0800236e   0x0000000a   Code   RO         2339    i.HAL_GPIO_WritePin  stm32f4xx_hal_gpio.o
    0x08002378   0x08002378   0x0000000c   Code   RO         2873    i.HAL_GetTick       stm32f4xx_hal.o
    0x08002384   0x08002384   0x00000006   Code   RO         3128    i.HAL_I2C_GetState  stm32f4xx_hal_i2c.o
    0x0800238a   0x0800238a   0x00000002   PAD
    0x0800238c   0x0800238c   0x00000188   Code   RO         3129    i.HAL_I2C_Init      stm32f4xx_hal_i2c.o
    0x08002514   0x08002514   0x00000204   Code   RO         3147    i.HAL_I2C_Mem_Read  stm32f4xx_hal_i2c.o
    0x08002718   0x08002718   0x00000130   Code   RO         3150    i.HAL_I2C_Mem_Write  stm32f4xx_hal_i2c.o
    0x08002848   0x08002848   0x000000ac   Code   RO         1656    i.HAL_I2C_MspInit   i2c.o
    0x080028f4   0x080028f4   0x00000010   Code   RO         2879    i.HAL_IncTick       stm32f4xx_hal.o
    0x08002904   0x08002904   0x00000034   Code   RO         2880    i.HAL_Init          stm32f4xx_hal.o
    0x08002938   0x08002938   0x00000098   Code   RO         1941    i.HAL_InitTick      stm32f4xx_hal_timebase_tim.o
    0x080029d0   0x080029d0   0x00000038   Code   RO         1917    i.HAL_MspInit       stm32f4xx_hal_msp.o
    0x08002a08   0x08002a08   0x0000001a   Code   RO         2725    i.HAL_NVIC_EnableIRQ  stm32f4xx_hal_cortex.o
    0x08002a22   0x08002a22   0x00000002   PAD
    0x08002a24   0x08002a24   0x00000040   Code   RO         2731    i.HAL_NVIC_SetPriority  stm32f4xx_hal_cortex.o
    0x08002a64   0x08002a64   0x00000024   Code   RO         2732    i.HAL_NVIC_SetPriorityGrouping  stm32f4xx_hal_cortex.o
    0x08002a88   0x08002a88   0x00000134   Code   RO         1981    i.HAL_RCC_ClockConfig  stm32f4xx_hal_rcc.o
    0x08002bbc   0x08002bbc   0x00000040   Code   RO         1985    i.HAL_RCC_GetClockConfig  stm32f4xx_hal_rcc.o
    0x08002bfc   0x08002bfc   0x00000020   Code   RO         1988    i.HAL_RCC_GetPCLK1Freq  stm32f4xx_hal_rcc.o
    0x08002c1c   0x08002c1c   0x00000020   Code   RO         1989    i.HAL_RCC_GetPCLK2Freq  stm32f4xx_hal_rcc.o
    0x08002c3c   0x08002c3c   0x00000064   Code   RO         1990    i.HAL_RCC_GetSysClockFreq  stm32f4xx_hal_rcc.o
    0x08002ca0   0x08002ca0   0x0000036c   Code   RO         1993    i.HAL_RCC_OscConfig  stm32f4xx_hal_rcc.o
    0x0800300c   0x0800300c   0x000000bc   Code   RO         3584    i.HAL_SPI_Init      stm32f4xx_hal_spi.o
    0x080030c8   0x080030c8   0x00000068   Code   RO         1704    i.HAL_SPI_MspInit   spi.o
    0x08003130   0x08003130   0x0000016e   Code   RO         3592    i.HAL_SPI_Transmit  stm32f4xx_hal_spi.o
    0x0800329e   0x0800329e   0x000001ee   Code   RO         3593    i.HAL_SPI_TransmitReceive  stm32f4xx_hal_spi.o
    0x0800348c   0x0800348c   0x00000002   Code   RO         4601    i.HAL_TIMEx_BreakCallback  stm32f4xx_hal_tim_ex.o
    0x0800348e   0x0800348e   0x00000002   Code   RO         4602    i.HAL_TIMEx_CommutCallback  stm32f4xx_hal_tim_ex.o
    0x08003490   0x08003490   0x00000090   Code   RO         4620    i.HAL_TIMEx_MasterConfigSynchronization  stm32f4xx_hal_tim_ex.o
    0x08003520   0x08003520   0x0000005a   Code   RO         3897    i.HAL_TIM_Base_Init  stm32f4xx_hal_tim.o
    0x0800357a   0x0800357a   0x00000002   PAD
    0x0800357c   0x0800357c   0x00000024   Code   RO         1746    i.HAL_TIM_Base_MspInit  tim.o
    0x080035a0   0x080035a0   0x00000080   Code   RO         3902    i.HAL_TIM_Base_Start_IT  stm32f4xx_hal_tim.o
    0x08003620   0x08003620   0x000000dc   Code   RO         3906    i.HAL_TIM_ConfigClockSource  stm32f4xx_hal_tim.o
    0x080036fc   0x080036fc   0x00000002   Code   RO         3931    i.HAL_TIM_IC_CaptureCallback  stm32f4xx_hal_tim.o
    0x080036fe   0x080036fe   0x00000130   Code   RO         3945    i.HAL_TIM_IRQHandler  stm32f4xx_hal_tim.o
    0x0800382e   0x0800382e   0x00000002   PAD
    0x08003830   0x08003830   0x00000050   Code   RO         1747    i.HAL_TIM_MspPostInit  tim.o
    0x08003880   0x08003880   0x00000002   Code   RO         3948    i.HAL_TIM_OC_DelayElapsedCallback  stm32f4xx_hal_tim.o
    0x08003882   0x08003882   0x000000cc   Code   RO         3969    i.HAL_TIM_PWM_ConfigChannel  stm32f4xx_hal_tim.o
    0x0800394e   0x0800394e   0x0000005a   Code   RO         3972    i.HAL_TIM_PWM_Init  stm32f4xx_hal_tim.o
    0x080039a8   0x080039a8   0x00000002   Code   RO         3974    i.HAL_TIM_PWM_MspInit  stm32f4xx_hal_tim.o
    0x080039aa   0x080039aa   0x00000002   Code   RO         3975    i.HAL_TIM_PWM_PulseFinishedCallback  stm32f4xx_hal_tim.o
    0x080039ac   0x080039ac   0x000000c8   Code   RO         3977    i.HAL_TIM_PWM_Start  stm32f4xx_hal_tim.o
    0x08003a74   0x08003a74   0x00000014   Code   RO         1491    i.HAL_TIM_PeriodElapsedCallback  main.o
    0x08003a88   0x08003a88   0x00000002   Code   RO         3988    i.HAL_TIM_TriggerCallback  stm32f4xx_hal_tim.o
    0x08003a8a   0x08003a8a   0x00000002   Code   RO         4880    i.HAL_UARTEx_RxEventCallback  stm32f4xx_hal_uart.o
    0x08003a8c   0x08003a8c   0x00000002   Code   RO         4894    i.HAL_UART_ErrorCallback  stm32f4xx_hal_uart.o
    0x08003a8e   0x08003a8e   0x00000002   PAD
    0x08003a90   0x08003a90   0x00000270   Code   RO         4897    i.HAL_UART_IRQHandler  stm32f4xx_hal_uart.o
    0x08003d00   0x08003d00   0x00000064   Code   RO         4898    i.HAL_UART_Init     stm32f4xx_hal_uart.o
    0x08003d64   0x08003d64   0x000000e8   Code   RO         1794    i.HAL_UART_MspInit  usart.o
    0x08003e4c   0x08003e4c   0x0000001c   Code   RO         4902    i.HAL_UART_Receive_DMA  stm32f4xx_hal_uart.o
    0x08003e68   0x08003e68   0x00000050   Code   RO         1303    i.HAL_UART_RxCpltCallback  stablecontrol.o
    0x08003eb8   0x08003eb8   0x00000002   Code   RO         4905    i.HAL_UART_RxHalfCpltCallback  stm32f4xx_hal_uart.o
    0x08003eba   0x08003eba   0x000000a0   Code   RO         4906    i.HAL_UART_Transmit  stm32f4xx_hal_uart.o
    0x08003f5a   0x08003f5a   0x00000002   PAD
    0x08003f5c   0x08003f5c   0x00000078   Code   RO         4907    i.HAL_UART_Transmit_DMA  stm32f4xx_hal_uart.o
    0x08003fd4   0x08003fd4   0x00000002   Code   RO         4909    i.HAL_UART_TxCpltCallback  stm32f4xx_hal_uart.o
    0x08003fd6   0x08003fd6   0x00000002   Code   RO         4910    i.HAL_UART_TxHalfCpltCallback  stm32f4xx_hal_uart.o
    0x08003fd8   0x08003fd8   0x00000002   Code   RO         1839    i.HardFault_Handler  stm32f4xx_it.o
    0x08003fda   0x08003fda   0x0000002e   Code   RO         3172    i.I2C_IsAcknowledgeFailed  stm32f4xx_hal_i2c.o
    0x08004008   0x08004008   0x000000fc   Code   RO         3182    i.I2C_RequestMemoryRead  stm32f4xx_hal_i2c.o
    0x08004104   0x08004104   0x000000a8   Code   RO         3183    i.I2C_RequestMemoryWrite  stm32f4xx_hal_i2c.o
    0x080041ac   0x080041ac   0x00000056   Code   RO         3187    i.I2C_WaitOnBTFFlagUntilTimeout  stm32f4xx_hal_i2c.o
    0x08004202   0x08004202   0x00000002   PAD
    0x08004204   0x08004204   0x00000090   Code   RO         3188    i.I2C_WaitOnFlagUntilTimeout  stm32f4xx_hal_i2c.o
    0x08004294   0x08004294   0x000000bc   Code   RO         3189    i.I2C_WaitOnMasterAddressFlagUntilTimeout  stm32f4xx_hal_i2c.o
    0x08004350   0x08004350   0x00000070   Code   RO         3190    i.I2C_WaitOnRXNEFlagUntilTimeout  stm32f4xx_hal_i2c.o
    0x080043c0   0x080043c0   0x00000056   Code   RO         3191    i.I2C_WaitOnTXEFlagUntilTimeout  stm32f4xx_hal_i2c.o
    0x08004416   0x08004416   0x00000002   PAD
    0x08004418   0x08004418   0x0000003c   Code   RO         1631    i.MX_DMA_Init       dma.o
    0x08004454   0x08004454   0x000000e8   Code   RO         1579    i.MX_FREERTOS_Init  freertos.o
    0x0800453c   0x0800453c   0x00000114   Code   RO         1554    i.MX_GPIO_Init      gpio.o
    0x08004650   0x08004650   0x00000040   Code   RO         1657    i.MX_I2C1_Init      i2c.o
    0x08004690   0x08004690   0x00000040   Code   RO         1658    i.MX_I2C2_Init      i2c.o
    0x080046d0   0x080046d0   0x00000048   Code   RO         1705    i.MX_SPI1_Init      spi.o
    0x08004718   0x08004718   0x000000c4   Code   RO         1748    i.MX_TIM2_Init      tim.o
    0x080047dc   0x080047dc   0x00000038   Code   RO         1795    i.MX_USART1_UART_Init  usart.o
    0x08004814   0x08004814   0x00000002   Code   RO         1840    i.MemManage_Handler  stm32f4xx_it.o
    0x08004816   0x08004816   0x00000002   PAD
    0x08004818   0x08004818   0x00000038   Code   RO         1090    i.MotorA_SetDirection  motor.o
    0x08004850   0x08004850   0x00000018   Code   RO         1091    i.MotorA_SetSpeed   motor.o
    0x08004868   0x08004868   0x00000040   Code   RO         1092    i.MotorB_SetDirection  motor.o
    0x080048a8   0x080048a8   0x00000018   Code   RO         1093    i.MotorB_SetSpeed   motor.o
    0x080048c0   0x080048c0   0x00000040   Code   RO         1094    i.MotorC_SetDirection  motor.o
    0x08004900   0x08004900   0x00000018   Code   RO         1095    i.MotorC_SetSpeed   motor.o
    0x08004918   0x08004918   0x0000003c   Code   RO         1096    i.MotorD_SetDirection  motor.o
    0x08004954   0x08004954   0x00000018   Code   RO         1097    i.MotorD_SetSpeed   motor.o
    0x0800496c   0x0800496c   0x0000003c   Code   RO         1098    i.Motor_Init        motor.o
    0x080049a8   0x080049a8   0x00000002   Code   RO         1841    i.NMI_Handler       stm32f4xx_it.o
    0x080049aa   0x080049aa   0x000000aa   Code   RO         1261    i.PIDController_Update  pid.o
    0x08004a54   0x08004a54   0x000000aa   Code   RO         1262    i.PIDController_Update_az  pid.o
    0x08004afe   0x08004afe   0x00000006   Code   RO         1305    i.PID_upgrade       stablecontrol.o
    0x08004b04   0x08004b04   0x0000015c   Code   RO          268    i.PMW3901_init      pmw3901.o
    0x08004c60   0x08004c60   0x00000014   Code   RO         1580    i.PutI2C            freertos.o
    0x08004c74   0x08004c74   0x00000036   Code   RO          269    i.ReadMotion        pmw3901.o
    0x08004caa   0x08004caa   0x00000002   PAD
    0x08004cac   0x08004cac   0x00000080   Code   RO          270    i.ReadReg           pmw3901.o
    0x08004d2c   0x08004d2c   0x0000006c   Code   RO         3622    i.SPI_EndRxTxTransaction  stm32f4xx_hal_spi.o
    0x08004d98   0x08004d98   0x000000b8   Code   RO         3627    i.SPI_WaitFlagStateUntilTimeout  stm32f4xx_hal_spi.o
    0x08004e50   0x08004e50   0x00000008   Code   RO         1581    i.StartDefaultTask  freertos.o
    0x08004e58   0x08004e58   0x0000001a   Code   RO         6376    i.SysTick_Handler   cmsis_os2.o
    0x08004e72   0x08004e72   0x00000002   PAD
    0x08004e74   0x08004e74   0x00000094   Code   RO         1492    i.SystemClock_Config  main.o
    0x08004f08   0x08004f08   0x00000010   Code   RO         5232    i.SystemInit        system_stm32f4xx_1.o
    0x08004f18   0x08004f18   0x0000000c   Code   RO         1842    i.TIM4_IRQHandler   stm32f4xx_it.o
    0x08004f24   0x08004f24   0x000000d8   Code   RO         3990    i.TIM_Base_SetConfig  stm32f4xx_hal_tim.o
    0x08004ffc   0x08004ffc   0x0000001a   Code   RO         3991    i.TIM_CCxChannelCmd  stm32f4xx_hal_tim.o
    0x08005016   0x08005016   0x00000014   Code   RO         4001    i.TIM_ETR_SetConfig  stm32f4xx_hal_tim.o
    0x0800502a   0x0800502a   0x00000010   Code   RO         4002    i.TIM_ITRx_SetConfig  stm32f4xx_hal_tim.o
    0x0800503a   0x0800503a   0x00000002   PAD
    0x0800503c   0x0800503c   0x00000060   Code   RO         4003    i.TIM_OC1_SetConfig  stm32f4xx_hal_tim.o
    0x0800509c   0x0800509c   0x0000006c   Code   RO         4004    i.TIM_OC2_SetConfig  stm32f4xx_hal_tim.o
    0x08005108   0x08005108   0x00000068   Code   RO         4005    i.TIM_OC3_SetConfig  stm32f4xx_hal_tim.o
    0x08005170   0x08005170   0x00000050   Code   RO         4006    i.TIM_OC4_SetConfig  stm32f4xx_hal_tim.o
    0x080051c0   0x080051c0   0x00000022   Code   RO         4008    i.TIM_TI1_ConfigInputStage  stm32f4xx_hal_tim.o
    0x080051e2   0x080051e2   0x00000024   Code   RO         4010    i.TIM_TI2_ConfigInputStage  stm32f4xx_hal_tim.o
    0x08005206   0x08005206   0x00000002   PAD
    0x08005208   0x08005208   0x00000068   Code   RO           13    i.TaskBMI088        bmi.o
    0x08005270   0x08005270   0x00000048   Code   RO          271    i.TaskPMW3901       pmw3901.o
    0x080052b8   0x080052b8   0x0000005c   Code   RO          340    i.TaskVL53          vl53l1_platform.o
    0x08005314   0x08005314   0x00000010   Code   RO         4911    i.UART_DMAAbortOnError  stm32f4xx_hal_uart.o
    0x08005324   0x08005324   0x0000004a   Code   RO         4912    i.UART_DMAError     stm32f4xx_hal_uart.o
    0x0800536e   0x0800536e   0x00000086   Code   RO         4913    i.UART_DMAReceiveCplt  stm32f4xx_hal_uart.o
    0x080053f4   0x080053f4   0x0000001e   Code   RO         4915    i.UART_DMARxHalfCplt  stm32f4xx_hal_uart.o
    0x08005412   0x08005412   0x00000042   Code   RO         4917    i.UART_DMATransmitCplt  stm32f4xx_hal_uart.o
    0x08005454   0x08005454   0x0000000a   Code   RO         4919    i.UART_DMATxHalfCplt  stm32f4xx_hal_uart.o
    0x0800545e   0x0800545e   0x0000004e   Code   RO         4921    i.UART_EndRxTransfer  stm32f4xx_hal_uart.o
    0x080054ac   0x080054ac   0x0000001c   Code   RO         4922    i.UART_EndTxTransfer  stm32f4xx_hal_uart.o
    0x080054c8   0x080054c8   0x000000c2   Code   RO         4923    i.UART_Receive_IT   stm32f4xx_hal_uart.o
    0x0800558a   0x0800558a   0x00000002   PAD
    0x0800558c   0x0800558c   0x0000010c   Code   RO         4924    i.UART_SetConfig    stm32f4xx_hal_uart.o
    0x08005698   0x08005698   0x00000090   Code   RO         4925    i.UART_Start_Receive_DMA  stm32f4xx_hal_uart.o
    0x08005728   0x08005728   0x00000072   Code   RO         4927    i.UART_WaitOnFlagUntilTimeout  stm32f4xx_hal_uart.o
    0x0800579a   0x0800579a   0x00000002   PAD
    0x0800579c   0x0800579c   0x0000000c   Code   RO         1843    i.USART1_IRQHandler  stm32f4xx_it.o
    0x080057a8   0x080057a8   0x00000002   Code   RO         1844    i.UsageFault_Handler  stm32f4xx_it.o
    0x080057aa   0x080057aa   0x00000002   PAD
    0x080057ac   0x080057ac   0x00000070   Code   RO          452    i.VL53L1X_BootState  vl53l1x_api.o
    0x0800581c   0x0800581c   0x00000036   Code   RO          453    i.VL53L1X_CheckForDataReady  vl53l1x_api.o
    0x08005852   0x08005852   0x00000008   Code   RO          454    i.VL53L1X_ClearInterrupt  vl53l1x_api.o
    0x0800585a   0x0800585a   0x00000014   Code   RO          457    i.VL53L1X_GetDistance  vl53l1x_api.o
    0x0800586e   0x0800586e   0x00000028   Code   RO          458    i.VL53L1X_GetDistanceMode  vl53l1x_api.o
    0x08005896   0x08005896   0x00000026   Code   RO          463    i.VL53L1X_GetInterruptPolarity  vl53l1x_api.o
    0x080058bc   0x080058bc   0x0000002c   Code   RO          467    i.VL53L1X_GetRangeStatus  vl53l1x_api.o
    0x080058e8   0x080058e8   0x00000088   Code   RO          476    i.VL53L1X_GetTimingBudgetInMs  vl53l1x_api.o
    0x08005970   0x08005970   0x00000074   Code   RO          478    i.VL53L1X_SensorInit  vl53l1x_api.o
    0x080059e4   0x080059e4   0x000000a4   Code   RO          479    i.VL53L1X_SetDistanceMode  vl53l1x_api.o
    0x08005a88   0x08005a88   0x0000005e   Code   RO          480    i.VL53L1X_SetDistanceThreshold  vl53l1x_api.o
    0x08005ae6   0x08005ae6   0x00000002   PAD
    0x08005ae8   0x08005ae8   0x00000048   Code   RO          482    i.VL53L1X_SetInterMeasurementInMs  vl53l1x_api.o
    0x08005b30   0x08005b30   0x0000002c   Code   RO          484    i.VL53L1X_SetOffset  vl53l1x_api.o
    0x08005b5c   0x08005b5c   0x0000012c   Code   RO          489    i.VL53L1X_SetTimingBudgetInMs  vl53l1x_api.o
    0x08005c88   0x08005c88   0x00000034   Code   RO          490    i.VL53L1X_SetXtalk  vl53l1x_api.o
    0x08005cbc   0x08005cbc   0x00000008   Code   RO          491    i.VL53L1X_StartRanging  vl53l1x_api.o
    0x08005cc4   0x08005cc4   0x00000008   Code   RO          493    i.VL53L1X_StopRanging  vl53l1x_api.o
    0x08005ccc   0x08005ccc   0x00000080   Code   RO          341    i.VL53L1_RdByte     vl53l1_platform.o
    0x08005d4c   0x08005d4c   0x00000034   Code   RO          343    i.VL53L1_RdWord     vl53l1_platform.o
    0x08005d80   0x08005d80   0x0000006c   Code   RO          344    i.VL53L1_ReadMulti  vl53l1_platform.o
    0x08005dec   0x08005dec   0x0000002c   Code   RO          345    i.VL53L1_WrByte     vl53l1_platform.o
    0x08005e18   0x08005e18   0x00000030   Code   RO          346    i.VL53L1_WrDWord    vl53l1_platform.o
    0x08005e48   0x08005e48   0x0000003c   Code   RO          347    i.VL53L1_WrWord     vl53l1_platform.o
    0x08005e84   0x08005e84   0x000000e8   Code   RO          349    i.VL53L1__GetDistance  vl53l1_platform.o
    0x08005f6c   0x08005f6c   0x00000118   Code   RO          350    i.VL53L1__Init      vl53l1_platform.o
    0x08006084   0x08006084   0x00000098   Code   RO          353    i.VL53L1__Xshut     vl53l1_platform.o
    0x0800611c   0x0800611c   0x0000008c   Code   RO          272    i.WriteReg          pmw3901.o
    0x080061a8   0x080061a8   0x00000030   Code   RO         7355    i.__ARM_fpclassify  m_wm.l(fpclassify.o)
    0x080061d8   0x080061d8   0x00000020   Code   RO         2738    i.__NVIC_SetPriority  stm32f4xx_hal_cortex.o
    0x080061f8   0x080061f8   0x00000014   Code   RO         7185    i.__hardfp_fabs     m_wm.l(fabs.o)
    0x0800620c   0x0800620c   0x00000104   Code   RO         7191    i.__hardfp_fmod     m_wm.l(fmod.o)
    0x08006310   0x08006310   0x00000c50   Code   RO         7203    i.__hardfp_pow      m_wm.l(pow.o)
    0x08006f60   0x08006f60   0x000000c8   Code   RO         7217    i.__hardfp_sin      m_wm.l(sin.o)
    0x08007028   0x08007028   0x00000438   Code   RO         7360    i.__ieee754_rem_pio2  m_wm.l(rred.o)
    0x08007460   0x08007460   0x00000170   Code   RO         7338    i.__kernel_cos      m_wm.l(cos_i.o)
    0x080075d0   0x080075d0   0x000000f8   Code   RO         7357    i.__kernel_poly     m_wm.l(poly.o)
    0x080076c8   0x080076c8   0x00000130   Code   RO         7365    i.__kernel_sin      m_wm.l(sin_i.o)
    0x080077f8   0x080077f8   0x00000030   Code   RO         7341    i.__mathlib_dbl_divzero  m_wm.l(dunder.o)
    0x08007828   0x08007828   0x00000014   Code   RO         7342    i.__mathlib_dbl_infnan  m_wm.l(dunder.o)
    0x0800783c   0x0800783c   0x00000014   Code   RO         7343    i.__mathlib_dbl_infnan2  m_wm.l(dunder.o)
    0x08007850   0x08007850   0x00000020   Code   RO         7344    i.__mathlib_dbl_invalid  m_wm.l(dunder.o)
    0x08007870   0x08007870   0x00000020   Code   RO         7345    i.__mathlib_dbl_overflow  m_wm.l(dunder.o)
    0x08007890   0x08007890   0x00000020   Code   RO         7347    i.__mathlib_dbl_underflow  m_wm.l(dunder.o)
    0x080078b0   0x080078b0   0x0000000e   Code   RO         7123    i._is_digit         c_w.l(__printf_wp.o)
    0x080078be   0x080078be   0x00000002   PAD
    0x080078c0   0x080078c0   0x0000003c   Code   RO         1306    i.apply_motor_thrust  stablecontrol.o
    0x080078fc   0x080078fc   0x00000018   Code   RO         1040    i.bmi088_init       bmi088.o
    0x08007914   0x08007914   0x000000e0   Code   RO           14    i.bmi088_read       bmi.o
    0x080079f4   0x080079f4   0x00000158   Code   RO           15    i.bmi088_starting   bmi.o
    0x08007b4c   0x08007b4c   0x00000052   Code   RO          726    i.bmi08a_get_data   bmi08a.o
    0x08007b9e   0x08007b9e   0x00000038   Code   RO          732    i.bmi08a_get_meas_conf  bmi08a.o
    0x08007bd6   0x08007bd6   0x00000024   Code   RO          733    i.bmi08a_get_power_mode  bmi08a.o
    0x08007bfa   0x08007bfa   0x00000036   Code   RO          734    i.bmi08a_get_regs   bmi08a.o
    0x08007c30   0x08007c30   0x00000050   Code   RO          738    i.bmi08a_init       bmi08a.o
    0x08007c80   0x08007c80   0x00000088   Code   RO          745    i.bmi08a_set_meas_conf  bmi08a.o
    0x08007d08   0x08007d08   0x0000005c   Code   RO          746    i.bmi08a_set_power_mode  bmi08a.o
    0x08007d64   0x08007d64   0x00000040   Code   RO          748    i.bmi08a_soft_reset  bmi08a.o
    0x08007da4   0x08007da4   0x00000052   Code   RO          935    i.bmi08g_get_data   bmi08g.o
    0x08007df6   0x08007df6   0x00000036   Code   RO          938    i.bmi08g_get_regs   bmi08g.o
    0x08007e2c   0x08007e2c   0x00000032   Code   RO          939    i.bmi08g_init       bmi08g.o
    0x08007e5e   0x08007e5e   0x0000008a   Code   RO          942    i.bmi08g_set_meas_conf  bmi08g.o
    0x08007ee8   0x08007ee8   0x00000062   Code   RO          943    i.bmi08g_set_power_mode  bmi08g.o
    0x08007f4a   0x08007f4a   0x00000002   PAD
    0x08007f4c   0x08007f4c   0x00000264   Code   RO         1307    i.compute_motor_thrust  stablecontrol.o
    0x080081b0   0x080081b0   0x0000009c   Code   RO         1416    i.f1                newton.o
    0x0800824c   0x0800824c   0x00000040   Code   RO         1417    i.f2                newton.o
    0x0800828c   0x0800828c   0x00000018   Code   RO         7187    i.fabs              m_wm.l(fabs.o)
    0x080082a4   0x080082a4   0x00000060   Code   RO          752    i.get_regs          bmi08a.o
    0x08008304   0x08008304   0x00000024   Code   RO          946    i.get_regs          bmi08g.o
    0x08008328   0x08008328   0x00000174   Code   RO         1309    i.get_sensor_data   stablecontrol.o
    0x0800849c   0x0800849c   0x00000382   Code   RO          273    i.initRegisters     pmw3901.o
    0x0800881e   0x0800881e   0x00000002   PAD
    0x08008820   0x08008820   0x0000005c   Code   RO         1241    i.initSemaphores    queuehandle.o
    0x0800887c   0x0800887c   0x000000c8   Code   RO         1418    i.inverseJacobian   newton.o
    0x08008944   0x08008944   0x000000b8   Code   RO         1419    i.jacobian          newton.o
    0x080089fc   0x080089fc   0x00000240   Code   RO         1493    i.main              main.o
    0x08008c3c   0x08008c3c   0x000001c0   Code   RO         1420    i.newtonRaphson     newton.o
    0x08008dfc   0x08008dfc   0x00000018   Code   RO          754    i.null_ptr_check    bmi08a.o
    0x08008e14   0x08008e14   0x00000018   Code   RO          947    i.null_ptr_check    bmi08g.o
    0x08008e2c   0x08008e2c   0x0000001a   Code   RO         6378    i.osDelay           cmsis_os2.o
    0x08008e46   0x08008e46   0x00000002   PAD
    0x08008e48   0x08008e48   0x00000024   Code   RO         6392    i.osKernelInitialize  cmsis_os2.o
    0x08008e6c   0x08008e6c   0x00000038   Code   RO         6395    i.osKernelStart     cmsis_os2.o
    0x08008ea4   0x08008ea4   0x0000008a   Code   RO         6437    i.osThreadNew       cmsis_os2.o
    0x08008f2e   0x08008f2e   0x00000002   PAD
    0x08008f30   0x08008f30   0x00000040   Code   RO          274    i.pmw3901_read      pmw3901.o
    0x08008f70   0x08008f70   0x0000005c   Code   RO         5840    i.prvAddCurrentTaskToDelayedList  tasks_1.o
    0x08008fcc   0x08008fcc   0x000000d0   Code   RO         5841    i.prvAddNewTaskToReadyList  tasks_1.o
    0x0800909c   0x0800909c   0x00000058   Code   RO         6205    i.prvCheckForValidListAndQueue  timers.o
    0x080090f4   0x080090f4   0x00000026   Code   RO         5437    i.prvCopyDataFromQueue  queue.o
    0x0800911a   0x0800911a   0x0000006c   Code   RO         5438    i.prvCopyDataToQueue  queue.o
    0x08009186   0x08009186   0x00000034   Code   RO         5842    i.prvDeleteTCB      tasks_1.o
    0x080091ba   0x080091ba   0x00000002   PAD
    0x080091bc   0x080091bc   0x0000004c   Code   RO         6886    i.prvHeapInit       heap_4.o
    0x08009208   0x08009208   0x00000060   Code   RO         5843    i.prvIdleTask       tasks_1.o
    0x08009268   0x08009268   0x00000016   Code   RO         5439    i.prvInitialiseMutex  queue.o
    0x0800927e   0x0800927e   0x00000002   PAD
    0x08009280   0x08009280   0x00000022   Code   RO         5440    i.prvInitialiseNewQueue  queue.o
    0x080092a2   0x080092a2   0x00000002   PAD
    0x080092a4   0x080092a4   0x000000b0   Code   RO         5844    i.prvInitialiseNewTask  tasks_1.o
    0x08009354   0x08009354   0x0000004c   Code   RO         6887    i.prvInsertBlockIntoFreeList  heap_4.o
    0x080093a0   0x080093a0   0x00000038   Code   RO         6207    i.prvInsertTimerInActiveList  timers.o
    0x080093d8   0x080093d8   0x0000001c   Code   RO         5441    i.prvIsQueueEmpty   queue.o
    0x080093f4   0x080093f4   0x000000fc   Code   RO         6208    i.prvProcessReceivedCommands  timers.o
    0x080094f0   0x080094f0   0x000000c0   Code   RO         6209    i.prvProcessTimerOrBlockTask  timers.o
    0x080095b0   0x080095b0   0x00000020   Code   RO         5846    i.prvResetNextTaskUnblockTime  tasks_1.o
    0x080095d0   0x080095d0   0x00000028   Code   RO         6210    i.prvSampleTimeNow  timers.o
    0x080095f8   0x080095f8   0x0000006c   Code   RO         6211    i.prvSwitchTimerLists  timers.o
    0x08009664   0x08009664   0x00000028   Code   RO         6942    i.prvTaskExitError  port.o
    0x0800968c   0x0800968c   0x00000024   Code   RO         6212    i.prvTimerTask      timers.o
    0x080096b0   0x080096b0   0x0000006a   Code   RO         5442    i.prvUnlockQueue    queue.o
    0x0800971a   0x0800971a   0x00000002   PAD
    0x0800971c   0x0800971c   0x000000dc   Code   RO         6888    i.pvPortMalloc      heap_4.o
    0x080097f8   0x080097f8   0x00000018   Code   RO         5849    i.pvTaskIncrementMutexHeldCount  tasks_1.o
    0x08009810   0x08009810   0x0000002c   Code   RO         6943    i.pxPortInitialiseStack  port.o
    0x0800983c   0x0800983c   0x00000024   Code   RO          756    i.set_regs          bmi08a.o
    0x08009860   0x08009860   0x00000024   Code   RO          949    i.set_regs          bmi08g.o
    0x08009884   0x08009884   0x0000006e   Code   RO         7373    i.sqrt              m_wm.l(sqrt.o)
    0x080098f2   0x080098f2   0x00000002   PAD
    0x080098f4   0x080098f4   0x00000020   Code   RO           16    i.stm32_i2c_read    bmi.o
    0x08009914   0x08009914   0x00000028   Code   RO           17    i.stm32_i2c_write   bmi.o
    0x0800993c   0x0800993c   0x00000026   Code   RO         5397    i.uxListRemove      list.o
    0x08009962   0x08009962   0x00000002   PAD
    0x08009964   0x08009964   0x00000014   Code   RO         6449    i.vApplicationGetIdleTaskMemory  cmsis_os2.o
    0x08009978   0x08009978   0x00000018   Code   RO         6450    i.vApplicationGetTimerTaskMemory  cmsis_os2.o
    0x08009990   0x08009990   0x00000016   Code   RO         5398    i.vListInitialise   list.o
    0x080099a6   0x080099a6   0x00000006   Code   RO         5399    i.vListInitialiseItem  list.o
    0x080099ac   0x080099ac   0x00000030   Code   RO         5400    i.vListInsert       list.o
    0x080099dc   0x080099dc   0x00000018   Code   RO         5401    i.vListInsertEnd    list.o
    0x080099f4   0x080099f4   0x00000040   Code   RO         6945    i.vPortEnterCritical  port.o
    0x08009a34   0x08009a34   0x00000028   Code   RO         6946    i.vPortExitCritical  port.o
    0x08009a5c   0x08009a5c   0x00000064   Code   RO         6889    i.vPortFree         heap_4.o
    0x08009ac0   0x08009ac0   0x00000024   Code   RO         6947    i.vPortSetupTimerInterrupt  port.o
    0x08009ae4   0x08009ae4   0x00000054   Code   RO         6948    i.vPortValidateInterruptPriority  port.o
    0x08009b38   0x08009b38   0x00000028   Code   RO         5448    i.vQueueAddToRegistry  queue.o
    0x08009b60   0x08009b60   0x00000044   Code   RO         5452    i.vQueueWaitForMessageRestricted  queue.o
    0x08009ba4   0x08009ba4   0x0000004c   Code   RO         5859    i.vTaskDelay        tasks_1.o
    0x08009bf0   0x08009bf0   0x00000010   Code   RO         5864    i.vTaskInternalSetTimeOutState  tasks_1.o
    0x08009c00   0x08009c00   0x0000000c   Code   RO         5865    i.vTaskMissedYield  tasks_1.o
    0x08009c0c   0x08009c0c   0x00000030   Code   RO         5867    i.vTaskPlaceOnEventList  tasks_1.o
    0x08009c3c   0x08009c3c   0x00000038   Code   RO         5868    i.vTaskPlaceOnEventListRestricted  tasks_1.o
    0x08009c74   0x08009c74   0x00000090   Code   RO         5870    i.vTaskPriorityDisinheritAfterTimeout  tasks_1.o
    0x08009d04   0x08009d04   0x00000088   Code   RO         5876    i.vTaskStartScheduler  tasks_1.o
    0x08009d8c   0x08009d8c   0x00000010   Code   RO         5878    i.vTaskSuspendAll   tasks_1.o
    0x08009d9c   0x08009d9c   0x00000064   Code   RO         5879    i.vTaskSwitchContext  tasks_1.o
    0x08009e00   0x08009e00   0x000000f4   Code   RO         6949    i.xPortStartScheduler  port.o
    0x08009ef4   0x08009ef4   0x0000002c   Code   RO         6950    i.xPortSysTickHandler  port.o
    0x08009f20   0x08009f20   0x00000016   Code   RO         5455    i.xQueueCreateMutex  queue.o
    0x08009f36   0x08009f36   0x00000042   Code   RO         5457    i.xQueueGenericCreate  queue.o
    0x08009f78   0x08009f78   0x00000066   Code   RO         5458    i.xQueueGenericCreateStatic  queue.o
    0x08009fde   0x08009fde   0x00000002   PAD
    0x08009fe0   0x08009fe0   0x00000088   Code   RO         5459    i.xQueueGenericReset  queue.o
    0x0800a068   0x0800a068   0x00000160   Code   RO         5460    i.xQueueGenericSend  queue.o
    0x0800a1c8   0x0800a1c8   0x000000be   Code   RO         5461    i.xQueueGenericSendFromISR  queue.o
    0x0800a286   0x0800a286   0x00000002   PAD
    0x0800a288   0x0800a288   0x00000138   Code   RO         5470    i.xQueueReceive     queue.o
    0x0800a3c0   0x0800a3c0   0x00000178   Code   RO         5472    i.xQueueSemaphoreTake  queue.o
    0x0800a538   0x0800a538   0x00000074   Code   RO         5881    i.xTaskCheckForTimeOut  tasks_1.o
    0x0800a5ac   0x0800a5ac   0x0000005a   Code   RO         5882    i.xTaskCreate       tasks_1.o
    0x0800a606   0x0800a606   0x00000056   Code   RO         5883    i.xTaskCreateStatic  tasks_1.o
    0x0800a65c   0x0800a65c   0x0000001c   Code   RO         5887    i.xTaskGetSchedulerState  tasks_1.o
    0x0800a678   0x0800a678   0x0000000c   Code   RO         5888    i.xTaskGetTickCount  tasks_1.o
    0x0800a684   0x0800a684   0x000000c8   Code   RO         5890    i.xTaskIncrementTick  tasks_1.o
    0x0800a74c   0x0800a74c   0x00000080   Code   RO         5893    i.xTaskPriorityDisinherit  tasks_1.o
    0x0800a7cc   0x0800a7cc   0x00000078   Code   RO         5894    i.xTaskPriorityInherit  tasks_1.o
    0x0800a844   0x0800a844   0x00000070   Code   RO         5895    i.xTaskRemoveFromEventList  tasks_1.o
    0x0800a8b4   0x0800a8b4   0x000000c4   Code   RO         5896    i.xTaskResumeAll    tasks_1.o
    0x0800a978   0x0800a978   0x00000060   Code   RO         6221    i.xTimerCreateTimerTask  timers.o
    0x0800a9d8   0x0800a9d8   0x00000068   Code   RO         6222    i.xTimerGenericCommand  timers.o
    0x0800aa40   0x0800aa40   0x0000002c   Code   RO         7455    locale$$code        c_w.l(lc_numeric_c.o)
    0x0800aa6c   0x0800aa6c   0x00000018   Code   RO         7151    x$fpl$basic         fz_wm.l(basic.o)
    0x0800aa84   0x0800aa84   0x00000062   Code   RO         7153    x$fpl$d2f           fz_wm.l(d2f.o)
    0x0800aae6   0x0800aae6   0x00000002   PAD
    0x0800aae8   0x0800aae8   0x00000150   Code   RO         7155    x$fpl$dadd          fz_wm.l(daddsub_clz.o)
    0x0800ac38   0x0800ac38   0x00000010   Code   RO         7466    x$fpl$dcheck1       fz_wm.l(dcheck1.o)
    0x0800ac48   0x0800ac48   0x00000018   Code   RO         7323    x$fpl$dcmpinf       fz_wm.l(dcmpi.o)
    0x0800ac60   0x0800ac60   0x000002b0   Code   RO         7162    x$fpl$ddiv          fz_wm.l(ddiv.o)
    0x0800af10   0x0800af10   0x0000005e   Code   RO         7468    x$fpl$dfix          fz_wm.l(dfix.o)
    0x0800af6e   0x0800af6e   0x00000002   PAD
    0x0800af70   0x0800af70   0x0000005a   Code   RO         7165    x$fpl$dfixu         fz_wm.l(dfixu.o)
    0x0800afca   0x0800afca   0x0000002e   Code   RO         7170    x$fpl$dflt          fz_wm.l(dflt_clz.o)
    0x0800aff8   0x0800aff8   0x00000026   Code   RO         7169    x$fpl$dfltu         fz_wm.l(dflt_clz.o)
    0x0800b01e   0x0800b01e   0x00000002   PAD
    0x0800b020   0x0800b020   0x00000078   Code   RO         7175    x$fpl$dleqf         fz_wm.l(dleqf.o)
    0x0800b098   0x0800b098   0x00000154   Code   RO         7177    x$fpl$dmul          fz_wm.l(dmul.o)
    0x0800b1ec   0x0800b1ec   0x0000009c   Code   RO         7325    x$fpl$dnaninf       fz_wm.l(dnaninf.o)
    0x0800b288   0x0800b288   0x00000150   Code   RO         7327    x$fpl$drem          fz_wm.l(drem_clz.o)
    0x0800b3d8   0x0800b3d8   0x0000000c   Code   RO         7329    x$fpl$dretinf       fz_wm.l(dretinf.o)
    0x0800b3e4   0x0800b3e4   0x0000006c   Code   RO         7179    x$fpl$drleqf        fz_wm.l(drleqf.o)
    0x0800b450   0x0800b450   0x00000016   Code   RO         7156    x$fpl$drsb          fz_wm.l(daddsub_clz.o)
    0x0800b466   0x0800b466   0x00000002   PAD
    0x0800b468   0x0800b468   0x00000198   Code   RO         7472    x$fpl$dsqrt         fz_wm.l(dsqrt_umaal.o)
    0x0800b600   0x0800b600   0x000001d4   Code   RO         7157    x$fpl$dsub          fz_wm.l(daddsub_clz.o)
    0x0800b7d4   0x0800b7d4   0x00000056   Code   RO         7181    x$fpl$f2d           fz_wm.l(f2d.o)
    0x0800b82a   0x0800b82a   0x0000008c   Code   RO         7331    x$fpl$fnaninf       fz_wm.l(fnaninf.o)
    0x0800b8b6   0x0800b8b6   0x0000000a   Code   RO         7474    x$fpl$fpinit        fz_wm.l(fpinit.o)
    0x0800b8c0   0x0800b8c0   0x0000000a   Code   RO         7333    x$fpl$fretinf       fz_wm.l(fretinf.o)
    0x0800b8ca   0x0800b8ca   0x00000004   Code   RO         7183    x$fpl$printf1       fz_wm.l(printf1.o)
    0x0800b8ce   0x0800b8ce   0x00000064   Code   RO         7509    x$fpl$retnan        fz_wm.l(retnan.o)
    0x0800b932   0x0800b932   0x0000005c   Code   RO         7335    x$fpl$scalbn        fz_wm.l(scalbn.o)
    0x0800b98e   0x0800b98e   0x00000030   Code   RO         7543    x$fpl$trapveneer    fz_wm.l(trapv.o)
    0x0800b9be   0x0800b9be   0x00000000   Code   RO         7337    x$fpl$usenofp       fz_wm.l(usenofp.o)
    0x0800b9be   0x0800b9be   0x00000073   Data   RO          495    .constdata          vl53l1x_api.o
    0x0800ba31   0x0800ba31   0x00000003   PAD
    0x0800ba34   0x0800ba34   0x00000024   Data   RO         1583    .constdata          freertos.o
    0x0800ba58   0x0800ba58   0x00000008   Data   RO         2454    .constdata          stm32f4xx_hal_dma.o
    0x0800ba60   0x0800ba60   0x00000010   Data   RO         5233    .constdata          system_stm32f4xx_1.o
    0x0800ba70   0x0800ba70   0x00000008   Data   RO         5234    .constdata          system_stm32f4xx_1.o
    0x0800ba78   0x0800ba78   0x00000028   Data   RO         7096    .constdata          c_w.l(_printf_hex_int.o)
    0x0800baa0   0x0800baa0   0x00000088   Data   RO         7206    .constdata          m_wm.l(pow.o)
    0x0800bb28   0x0800bb28   0x00000030   Data   RO         7339    .constdata          m_wm.l(cos_i.o)
    0x0800bb58   0x0800bb58   0x00000008   Data   RO         7359    .constdata          m_wm.l(qnan.o)
    0x0800bb60   0x0800bb60   0x000000c8   Data   RO         7362    .constdata          m_wm.l(rred.o)
    0x0800bc28   0x0800bc28   0x00000028   Data   RO         7366    .constdata          m_wm.l(sin_i.o)
    0x0800bc50   0x0800bc50   0x00000094   Data   RO         7430    .constdata          c_w.l(bigflt0.o)
    0x0800bce4   0x0800bce4   0x0000000c   Data   RO         1584    .conststring        freertos.o
    0x0800bcf0   0x0800bcf0   0x00000020   Data   RO         7573    Region$$Table       anon$$obj.o
    0x0800bd10   0x0800bd10   0x0000001c   Data   RO         7454    locale$$data        c_w.l(lc_numeric_c.o)


    Execution Region RW_IRAM1 (Exec base: 0x20000000, Load base: 0x0800bd2c, Size: 0x00006aa8, Max: 0x0001c000, ABSOLUTE, COMPRESSED[0x0000003c])

    Exec Addr    Load Addr    Size         Type   Attr      Idx    E Section Name        Object

    0x20000000   COMPRESSED   0x00000038   Data   RW           19    .data               bmi.o
    0x20000038   COMPRESSED   0x00000008   Data   RW          276    .data               pmw3901.o
    0x20000040   COMPRESSED   0x00000006   Data   RW          356    .data               vl53l1_platform.o
    0x20000046   COMPRESSED   0x00000002   PAD
    0x20000048   COMPRESSED   0x00000098   Data   RW         1313    .data               stablecontrol.o
    0x200000e0   COMPRESSED   0x00000004   Data   RW         1422    .data               newton.o
    0x200000e4   COMPRESSED   0x00000001   Data   RW         1495    .data               main.o
    0x200000e5   COMPRESSED   0x00000003   PAD
    0x200000e8   COMPRESSED   0x00000004   Data   RW         1497    .data               main.o
    0x200000ec   COMPRESSED   0x00000004   Data   RW         1498    .data               main.o
    0x200000f0   COMPRESSED   0x00000004   Data   RW         1499    .data               main.o
    0x200000f4   COMPRESSED   0x00000004   Data   RW         1500    .data               main.o
    0x200000f8   COMPRESSED   0x00000018   Data   RW         1586    .data               freertos.o
    0x20000110   COMPRESSED   0x0000000c   Data   RW         2887    .data               stm32f4xx_hal.o
    0x2000011c   COMPRESSED   0x00000004   Data   RW         5235    .data               system_stm32f4xx_1.o
    0x20000120   COMPRESSED   0x0000003c   Data   RW         5899    .data               tasks_1.o
    0x2000015c   COMPRESSED   0x00000014   Data   RW         6230    .data               timers.o
    0x20000170   COMPRESSED   0x00000004   Data   RW         6452    .data               cmsis_os2.o
    0x20000174   COMPRESSED   0x00000020   Data   RW         6895    .data               heap_4.o
    0x20000194   COMPRESSED   0x0000000c   Data   RW         6951    .data               port.o
    0x200001a0        -       0x00000218   Zero   RW           18    .bss                bmi.o
    0x200003b8        -       0x00000200   Zero   RW          275    .bss                pmw3901.o
    0x200005b8        -       0x00000200   Zero   RW          355    .bss                vl53l1_platform.o
    0x200007b8        -       0x00000200   Zero   RW          494    .bss                vl53l1x_api.o
    0x200009b8        -       0x00000324   Zero   RW         1312    .bss                stablecontrol.o
    0x20000cdc        -       0x00000200   Zero   RW         1494    .bss                main.o
    0x20000edc        -       0x000000a8   Zero   RW         1659    .bss                i2c.o
    0x20000f84        -       0x00000058   Zero   RW         1706    .bss                spi.o
    0x20000fdc        -       0x00000048   Zero   RW         1749    .bss                tim.o
    0x20001024        -       0x00000108   Zero   RW         1796    .bss                usart.o
    0x2000112c        -       0x00000048   Zero   RW         1944    .bss                stm32f4xx_hal_timebase_tim.o
    0x20001174        -       0x00000040   Zero   RW         5474    .bss                queue.o
    0x200011b4        -       0x000004c4   Zero   RW         5898    .bss                tasks_1.o
    0x20001678        -       0x00000118   Zero   RW         6229    .bss                timers.o
    0x20001790        -       0x000006b8   Zero   RW         6451    .bss                cmsis_os2.o
    0x20001e48        -       0x00003c00   Zero   RW         6894    .bss                heap_4.o
    0x20005a48        -       0x00000060   Zero   RW         7386    .bss                c_w.l(libspace.o)
    0x20005aa8        -       0x00000800   Zero   RW            2    HEAP                startup_stm32f405xx.o
    0x200062a8        -       0x00000800   Zero   RW            1    STACK               startup_stm32f405xx.o


    Execution Region RW_IRAM2 (Exec base: 0x2001c000, Load base: 0x0800bd68, Size: 0x00000000, Max: 0x00004000, ABSOLUTE)

    **** No section assigned to this execution region ****


==============================================================================

Image component sizes


      Code (inc. data)   RO Data    RW Data    ZI Data      Debug   Object Name

       744        154          0         56        536     693643   bmi.o
        24          0          0          0          0       1183   bmi088.o
       756          0          0          0          0      25912   bmi08a.o
       518          0          0          0          0       6997   bmi08g.o
       326         22          0          4       1720      62199   cmsis_os2.o
        60          4          0          0          0        762   dma.o
         0          0          0          0          0      19436   event_groups.o
       276         96         48         24          0       3016   freertos.o
       276         22          0          0          0       1031   gpio.o
       472         24          0         32      15360       4811   heap_4.o
       300         46          0          0        168       2306   i2c.o
       138          0          0          0          0       3490   list.o
       748        206          0         17        512       7046   main.o
       400         64          0          0          0       4973   motor.o
      1052         80          0          4          0       4859   newton.o
       340          0          0          0          0       2409   pid.o
      1704        156          0          8        512       5465   pmw3901.o
       786         82          0         12          0      11369   port.o
      2000         24          0          0         64      21212   queue.o
        92         18          0          0          0        477   queuehandle.o
       176         22          0          0         88       1641   spi.o
      1806        280          0        152        804       7250   stablecontrol.o
        64         26        392          0       4096        832   startup_stm32f405xx.o
       116         18          0         12          0       8646   stm32f4xx_hal.o
       158         14          0          0          0      32990   stm32f4xx_hal_cortex.o
      1084         16          8          0          0       7250   stm32f4xx_hal_dma.o
       516         46          0          0          0       2803   stm32f4xx_hal_gpio.o
      2300         52          0          0          0      13649   stm32f4xx_hal_i2c.o
        56          4          0          0          0        846   stm32f4xx_hal_msp.o
      1412         86          0          0          0       5817   stm32f4xx_hal_rcc.o
      1340         14          0          0          0       6440   stm32f4xx_hal_spi.o
      1982        138          0          0          0      16814   stm32f4xx_hal_tim.o
       148         28          0          0          0       2441   stm32f4xx_hal_tim_ex.o
       152         20          0          0         72       1447   stm32f4xx_hal_timebase_tim.o
      2198         44          0          0          0      17154   stm32f4xx_hal_uart.o
        60         24          0          0          0       4571   stm32f4xx_it.o
         0          0          0          0          0        416   stream_buffer.o
        16          4         24          4          0       1091   system_stm32f4xx_1.o
      2372        192          0         60       1220      29173   tasks_1.o
       312         20          0          0         72       2356   tim.o
       972         80          0         20        280      29503   timers.o
       288         30          0          0        264       1860   usart.o
      1200        334          0          6        512       7960   vl53l1_platform.o
      1310         60        115          0        512      12234   vl53l1x_api.o

    ----------------------------------------------------------------------
     31116       2550        622        416      26792    1097780   Object Totals
         0          0         32          0          0          0   (incl. Generated)
        66          0          3          5          0          0   (incl. Padding)

    ----------------------------------------------------------------------

      Code (inc. data)   RO Data    RW Data    ZI Data      Debug   Library Member Name

        90          0          0          0          0          0   __dczerorl2.o
         8          0          0          0          0         68   __main.o
       284          0          0          0          0        156   __printf_wp.o
         0          0          0          0          0          0   __rtentry.o
        12          0          0          0          0          0   __rtentry2.o
         6          0          0          0          0          0   __rtentry4.o
        52          8          0          0          0          0   __scatter.o
        28          0          0          0          0          0   __scatter_zi.o
        48          6          0          0          0         96   _printf_char_common.o
         6          0          0          0          0          0   _printf_d.o
       120         16          0          0          0         92   _printf_dec.o
         6          0          0          0          0          0   _printf_f.o
      1054          0          0          0          0        216   _printf_fp_dec.o
       128         16          0          0          0         84   _printf_fp_infnan.o
        88          4         40          0          0         88   _printf_hex_int.o
       178          0          0          0          0         88   _printf_intcommon.o
         0          0          0          0          0          0   _printf_percent.o
         4          0          0          0          0          0   _printf_percent_end.o
         6          0          0          0          0          0   _printf_x.o
        22          0          0          0          0        100   _rserrno.o
        10          0          0          0          0         68   _sputc.o
        16          0          0          0          0         68   aeabi_memset.o
       228          4        148          0          0         96   bigflt0.o
      1936        128          0          0          0        672   btod.o
        10          0          0          0          0         68   defsig_exit.o
        50          0          0          0          0         88   defsig_general.o
        80         58          0          0          0         76   defsig_rtmem_inner.o
        14          0          0          0          0         80   defsig_rtmem_outer.o
        18          0          0          0          0         80   exit.o
        94          0          0          0          0         80   h1_alloc.o
        52          0          0          0          0         68   h1_extend.o
        78          0          0          0          0         80   h1_free.o
        14          0          0          0          0         84   h1_init.o
         6          0          0          0          0        152   heapauxi.o
         4          0          0          0          0        136   hguard.o
         0          0          0          0          0          0   indicate_semi.o
       138          0          0          0          0        168   init_alloc.o
        44         10         28          0          0         76   lc_numeric_c.o
         2          0          0          0          0          0   libinit.o
        30          0          0          0          0          0   libinit2.o
         2          0          0          0          0          0   libshutdown.o
         2          0          0          0          0          0   libshutdown2.o
         8          4          0          0         96         68   libspace.o
       138          0          0          0          0         80   lludiv10.o
       238          0          0          0          0        100   lludivv7m.o
         0          0          0          0          0          0   maybetermalloc1.o
        40          6          0          0          0         84   noretval__2sprintf.o
         8          4          0          0          0         68   rt_errno_addr_intlibspace.o
         8          4          0          0          0         68   rt_heap_descriptor_intlibspace.o
         8          4          0          0          0         68   rt_locale_intlibspace.o
        68          0          0          0          0         68   rt_memclr.o
        78          0          0          0          0         80   rt_memclr_w.o
       138          0          0          0          0         68   rt_memcpy_v6.o
       100          0          0          0          0         80   rt_memcpy_w.o
         2          0          0          0          0          0   rtexit.o
        10          0          0          0          0          0   rtexit2.o
       128          0          0          0          0         68   strcmpv7m.o
        62          0          0          0          0         76   strlen.o
        12          4          0          0          0         68   sys_exit.o
        74          0          0          0          0         80   sys_stackheap_outer.o
        14          0          0          0          0         76   sys_wrch.o
         2          0          0          0          0         68   use_no_semi.o
        24          0          0          0          0        164   basic.o
        98          4          0          0          0        140   d2f.o
       826         16          0          0          0        492   daddsub_clz.o
        16          4          0          0          0        116   dcheck1.o
        24          0          0          0          0        116   dcmpi.o
       688        140          0          0          0        256   ddiv.o
        94          4          0          0          0        140   dfix.o
        90          4          0          0          0        140   dfixu.o
        84          0          0          0          0        232   dflt_clz.o
       120          4          0          0          0        140   dleqf.o
       340         12          0          0          0        152   dmul.o
       156          4          0          0          0        140   dnaninf.o
       336         12          0          0          0        136   drem_clz.o
        12          0          0          0          0        116   dretinf.o
       108          0          0          0          0        128   drleqf.o
       408         56          0          0          0        168   dsqrt_umaal.o
        86          4          0          0          0        132   f2d.o
       140          4          0          0          0        132   fnaninf.o
        10          0          0          0          0        116   fpinit.o
        10          0          0          0          0        116   fretinf.o
         4          0          0          0          0        116   printf1.o
       100          0          0          0          0        116   retnan.o
        92          0          0          0          0        116   scalbn.o
        48          0          0          0          0        116   trapv.o
         0          0          0          0          0          0   usenofp.o
       368         46         48          0          0        200   cos_i.o
       184         44          0          0          0        744   dunder.o
        44          0          0          0          0        248   fabs.o
       260          6          0          0          0        144   fmod.o
        48          0          0          0          0        124   fpclassify.o
       248          0          0          0          0        152   poly.o
      3152        296        136          0          0        352   pow.o
         0          0          8          0          0          0   qnan.o
      1080        142        200          0          0        188   rred.o
       200         20          0          0          0        164   sin.o
       304         24         40          0          0        208   sin_i.o
       110          0          0          0          0        148   sqrt.o

    ----------------------------------------------------------------------
     16042       1122        648          0         96      10804   Library Totals
        26          0          0          0          0          0   (incl. Padding)

    ----------------------------------------------------------------------

      Code (inc. data)   RO Data    RW Data    ZI Data      Debug   Library Name

      6104        276        216          0         96       4396   c_w.l
      3914        268          0          0          0       3736   fz_wm.l
      5998        578        432          0          0       2672   m_wm.l

    ----------------------------------------------------------------------
     16042       1122        648          0         96      10804   Library Totals

    ----------------------------------------------------------------------

==============================================================================


      Code (inc. data)   RO Data    RW Data    ZI Data      Debug   

     47158       3672       1270        416      26888    1074736   Grand Totals
     47158       3672       1270         60      26888    1074736   ELF Image Totals (compressed)
     47158       3672       1270         60          0          0   ROM Totals

==============================================================================

    Total RO  Size (Code + RO Data)                48428 (  47.29kB)
    Total RW  Size (RW Data + ZI Data)             27304 (  26.66kB)
    Total ROM Size (Code + RO Data + RW Data)      48488 (  47.35kB)

==============================================================================

